Component: Arm Compiler for Embedded 6.18 Tool: armlink [5e4cc100]

==============================================================================

Section Cross References

    startup_stm32l073xx.o(STACK) refers (Special) to heapauxi.o(.text) for __use_two_region_memory
    startup_stm32l073xx.o(HEAP) refers (Special) to heapauxi.o(.text) for __use_two_region_memory
    startup_stm32l073xx.o(RESET) refers (Special) to heapauxi.o(.text) for __use_two_region_memory
    startup_stm32l073xx.o(RESET) refers to startup_stm32l073xx.o(STACK) for __initial_sp
    startup_stm32l073xx.o(RESET) refers to startup_stm32l073xx.o(.text) for Reset_Handler
    startup_stm32l073xx.o(RESET) refers to stm32l0xx_it.o(.text.NMI_Handler) for NMI_Handler
    startup_stm32l073xx.o(RESET) refers to stm32l0xx_it.o(.text.HardFault_Handler) for HardFault_Handler
    startup_stm32l073xx.o(RESET) refers to stm32l0xx_it.o(.text.SVC_Handler) for SVC_Handler
    startup_stm32l073xx.o(RESET) refers to stm32l0xx_it.o(.text.PendSV_Handler) for PendSV_Handler
    startup_stm32l073xx.o(RESET) refers to stm32l0xx_it.o(.text.SysTick_Handler) for SysTick_Handler
    startup_stm32l073xx.o(.text) refers (Special) to heapauxi.o(.text) for __use_two_region_memory
    startup_stm32l073xx.o(.text) refers to system_stm32l0xx.o(.text.SystemInit) for SystemInit
    startup_stm32l073xx.o(.text) refers to __main.o(!!!main) for __main
    startup_stm32l073xx.o(.text) refers to startup_stm32l073xx.o(HEAP) for Heap_Mem
    startup_stm32l073xx.o(.text) refers to startup_stm32l073xx.o(STACK) for Stack_Mem
    main.o(.text.main) refers to stm32l0xx_hal.o(.text.HAL_Init) for HAL_Init
    main.o(.text.main) refers to main.o(.text.SystemClock_Config) for SystemClock_Config
    main.o(.text.main) refers to main.o(.text.MX_GPIO_Init) for MX_GPIO_Init
    main.o(.text.main) refers to main.o(.text.MX_ADC_Init) for MX_ADC_Init
    main.o(.text.main) refers to main.o(.text.MX_I2C2_Init) for MX_I2C2_Init
    main.o(.text.main) refers to main.o(.text.MX_SPI1_Init) for MX_SPI1_Init
    main.o(.text.main) refers to main.o(.text.MX_USART2_UART_Init) for MX_USART2_UART_Init
    main.o(.text.main) refers to lps25hb.o(.text.LPS25HB_Initialise) for LPS25HB_Initialise
    main.o(.text.main) refers to lps25hb.o(.text.LPS25HB_Measure_Temperature) for LPS25HB_Measure_Temperature
    main.o(.text.main) refers to 4_digit_7_segment.o(.text.SevenSegment_Display) for SevenSegment_Display
    main.o(.text.main) refers to main.o(.bss.hi2c2) for hi2c2
    main.o(.text.main) refers to main.o(.bss.laikas) for laikas
    main.o(.text.main) refers to main.o(.bss.temperatura) for temperatura
    main.o(.ARM.exidx.text.main) refers to main.o(.text.main) for [Anonymous Symbol]
    main.o(.text.SystemClock_Config) refers to rt_memclr.o(.text) for __aeabi_memclr4
    main.o(.text.SystemClock_Config) refers to stm32l0xx_hal_rcc.o(.text.HAL_RCC_OscConfig) for HAL_RCC_OscConfig
    main.o(.text.SystemClock_Config) refers to main.o(.text.Error_Handler) for Error_Handler
    main.o(.text.SystemClock_Config) refers to stm32l0xx_hal_rcc.o(.text.HAL_RCC_ClockConfig) for HAL_RCC_ClockConfig
    main.o(.text.SystemClock_Config) refers to stm32l0xx_hal_rcc_ex.o(.text.HAL_RCCEx_PeriphCLKConfig) for HAL_RCCEx_PeriphCLKConfig
    main.o(.ARM.exidx.text.SystemClock_Config) refers to main.o(.text.SystemClock_Config) for [Anonymous Symbol]
    main.o(.text.MX_GPIO_Init) refers to stm32l0xx_hal_gpio.o(.text.HAL_GPIO_WritePin) for HAL_GPIO_WritePin
    main.o(.text.MX_GPIO_Init) refers to stm32l0xx_hal_gpio.o(.text.HAL_GPIO_Init) for HAL_GPIO_Init
    main.o(.ARM.exidx.text.MX_GPIO_Init) refers to main.o(.text.MX_GPIO_Init) for [Anonymous Symbol]
    main.o(.text.MX_ADC_Init) refers to stm32l0xx_hal_adc.o(.text.HAL_ADC_Init) for HAL_ADC_Init
    main.o(.text.MX_ADC_Init) refers to main.o(.text.Error_Handler) for Error_Handler
    main.o(.text.MX_ADC_Init) refers to stm32l0xx_hal_adc.o(.text.HAL_ADC_ConfigChannel) for HAL_ADC_ConfigChannel
    main.o(.text.MX_ADC_Init) refers to main.o(.bss.hadc) for hadc
    main.o(.ARM.exidx.text.MX_ADC_Init) refers to main.o(.text.MX_ADC_Init) for [Anonymous Symbol]
    main.o(.text.MX_I2C2_Init) refers to stm32l0xx_hal_i2c.o(.text.HAL_I2C_Init) for HAL_I2C_Init
    main.o(.text.MX_I2C2_Init) refers to main.o(.text.Error_Handler) for Error_Handler
    main.o(.text.MX_I2C2_Init) refers to stm32l0xx_hal_i2c_ex.o(.text.HAL_I2CEx_ConfigAnalogFilter) for HAL_I2CEx_ConfigAnalogFilter
    main.o(.text.MX_I2C2_Init) refers to stm32l0xx_hal_i2c_ex.o(.text.HAL_I2CEx_ConfigDigitalFilter) for HAL_I2CEx_ConfigDigitalFilter
    main.o(.text.MX_I2C2_Init) refers to main.o(.bss.hi2c2) for hi2c2
    main.o(.ARM.exidx.text.MX_I2C2_Init) refers to main.o(.text.MX_I2C2_Init) for [Anonymous Symbol]
    main.o(.text.MX_SPI1_Init) refers to stm32l0xx_hal_spi.o(.text.HAL_SPI_Init) for HAL_SPI_Init
    main.o(.text.MX_SPI1_Init) refers to main.o(.text.Error_Handler) for Error_Handler
[...]
    [Anonymous Symbol]                       0x08002db0   Section        0  stm32l0xx_hal.o(.text.HAL_Init)
    __arm_cp.0_0                             0x08002de4   Number         4  stm32l0xx_hal.o(.text.HAL_Init)
    [Anonymous Symbol]                       0x08002de8   Section        0  stm32l0xx_hal.o(.text.HAL_InitTick)
    __arm_cp.1_0                             0x08002e4c   Number         4  stm32l0xx_hal.o(.text.HAL_InitTick)
    __arm_cp.1_1                             0x08002e50   Number         4  stm32l0xx_hal.o(.text.HAL_InitTick)
    __arm_cp.1_2                             0x08002e54   Number         4  stm32l0xx_hal.o(.text.HAL_InitTick)
    [Anonymous Symbol]                       0x08002e58   Section        0  stm32l0xx_hal_msp.o(.text.HAL_MspInit)
    __arm_cp.0_0                             0x08002e70   Number         4  stm32l0xx_hal_msp.o(.text.HAL_MspInit)
    __arm_cp.0_1                             0x08002e74   Number         4  stm32l0xx_hal_msp.o(.text.HAL_MspInit)
    [Anonymous Symbol]                       0x08002e78   Section        0  stm32l0xx_hal_cortex.o(.text.HAL_NVIC_SetPriority)
    [Anonymous Symbol]                       0x08002e94   Section        0  stm32l0xx_hal_rcc_ex.o(.text.HAL_RCCEx_PeriphCLKConfig)
    __arm_cp.0_0                             0x0800318c   Number         4  stm32l0xx_hal_rcc_ex.o(.text.HAL_RCCEx_PeriphCLKConfig)
    __arm_cp.0_1                             0x08003190   Number         4  stm32l0xx_hal_rcc_ex.o(.text.HAL_RCCEx_PeriphCLKConfig)
    __arm_cp.0_2                             0x08003194   Number         4  stm32l0xx_hal_rcc_ex.o(.text.HAL_RCCEx_PeriphCLKConfig)
    __arm_cp.0_3                             0x08003198   Number         4  stm32l0xx_hal_rcc_ex.o(.text.HAL_RCCEx_PeriphCLKConfig)
    __arm_cp.0_4                             0x0800319c   Number         4  stm32l0xx_hal_rcc_ex.o(.text.HAL_RCCEx_PeriphCLKConfig)
    __arm_cp.0_5                             0x080031a0   Number         4  stm32l0xx_hal_rcc_ex.o(.text.HAL_RCCEx_PeriphCLKConfig)
    [Anonymous Symbol]                       0x080031a4   Section        0  stm32l0xx_hal_rcc.o(.text.HAL_RCC_ClockConfig)
    __arm_cp.3_0                             0x0800348c   Number         4  stm32l0xx_hal_rcc.o(.text.HAL_RCC_ClockConfig)
    __arm_cp.3_3                             0x08003490   Number         4  stm32l0xx_hal_rcc.o(.text.HAL_RCC_ClockConfig)
    __arm_cp.3_4                             0x08003494   Number         4  stm32l0xx_hal_rcc.o(.text.HAL_RCC_ClockConfig)
    __arm_cp.3_6                             0x08003498   Number         4  stm32l0xx_hal_rcc.o(.text.HAL_RCC_ClockConfig)
    [Anonymous Symbol]                       0x0800349c   Section        0  stm32l0xx_hal_rcc.o(.text.HAL_RCC_GetHCLKFreq)
    __arm_cp.6_0                             0x080034a4   Number         4  stm32l0xx_hal_rcc.o(.text.HAL_RCC_GetHCLKFreq)
    [Anonymous Symbol]                       0x080034a8   Section        0  stm32l0xx_hal_rcc.o(.text.HAL_RCC_GetPCLK1Freq)
    [Anonymous Symbol]                       0x080034c4   Section        0  stm32l0xx_hal_rcc.o(.text.HAL_RCC_GetPCLK2Freq)
    __arm_cp.8_0                             0x080034e0   Number         4  stm32l0xx_hal_rcc.o(.text.HAL_RCC_GetPCLK2Freq)
    __arm_cp.8_1                             0x080034e4   Number         4  stm32l0xx_hal_rcc.o(.text.HAL_RCC_GetPCLK2Freq)
    [Anonymous Symbol]                       0x080034e8   Section        0  stm32l0xx_hal_rcc.o(.text.HAL_RCC_GetSysClockFreq)
    __arm_cp.2_0                             0x08003608   Number         4  stm32l0xx_hal_rcc.o(.text.HAL_RCC_GetSysClockFreq)
    __arm_cp.2_1                             0x0800360c   Number         4  stm32l0xx_hal_rcc.o(.text.HAL_RCC_GetSysClockFreq)
    __arm_cp.2_2                             0x08003610   Number         4  stm32l0xx_hal_rcc.o(.text.HAL_RCC_GetSysClockFreq)
    __arm_cp.2_3                             0x08003614   Number         4  stm32l0xx_hal_rcc.o(.text.HAL_RCC_GetSysClockFreq)
    __arm_cp.2_4                             0x08003618   Number         4  stm32l0xx_hal_rcc.o(.text.HAL_RCC_GetSysClockFreq)
    __arm_cp.2_5                             0x0800361c   Number         4  stm32l0xx_hal_rcc.o(.text.HAL_RCC_GetSysClockFreq)
    __arm_cp.2_6                             0x08003620   Number         4  stm32l0xx_hal_rcc.o(.text.HAL_RCC_GetSysClockFreq)
    [Anonymous Symbol]                       0x08003624   Section        0  stm32l0xx_hal_rcc.o(.text.HAL_RCC_OscConfig)
    __arm_cp.1_15                            0x08003a3c   Number         4  stm32l0xx_hal_rcc.o(.text.HAL_RCC_OscConfig)
    __arm_cp.1_16                            0x08003a40   Number         4  stm32l0xx_hal_rcc.o(.text.HAL_RCC_OscConfig)
    __arm_cp.1_17                            0x08003a44   Number         4  stm32l0xx_hal_rcc.o(.text.HAL_RCC_OscConfig)
    __arm_cp.1_18                            0x08003a48   Number         4  stm32l0xx_hal_rcc.o(.text.HAL_RCC_OscConfig)
    __arm_cp.1_0                             0x08003e70   Number         4  stm32l0xx_hal_rcc.o(.text.HAL_RCC_OscConfig)
    __arm_cp.1_1                             0x08003e74   Number         4  stm32l0xx_hal_rcc.o(.text.HAL_RCC_OscConfig)
    __arm_cp.1_6                             0x08003e78   Number         4  stm32l0xx_hal_rcc.o(.text.HAL_RCC_OscConfig)
    __arm_cp.1_7                             0x08003e7c   Number         4  stm32l0xx_hal_rcc.o(.text.HAL_RCC_OscConfig)
    __arm_cp.1_8                             0x08003e80   Number         4  stm32l0xx_hal_rcc.o(.text.HAL_RCC_OscConfig)
    __arm_cp.1_9                             0x08003e84   Number         4  stm32l0xx_hal_rcc.o(.text.HAL_RCC_OscConfig)
    __arm_cp.1_10                            0x08003e88   Number         4  stm32l0xx_hal_rcc.o(.text.HAL_RCC_OscConfig)
    __arm_cp.1_11                            0x08003e8c   Number         4  stm32l0xx_hal_rcc.o(.text.HAL_RCC_OscConfig)
    [Anonymous Symbol]                       0x08003e90   Section        0  stm32l0xx_hal_spi.o(.text.HAL_SPI_Init)
    [Anonymous Symbol]                       0x08003f94   Section        0  stm32l0xx_hal_msp.o(.text.HAL_SPI_MspInit)
    __arm_cp.5_0                             0x08004030   Number         4  stm32l0xx_hal_msp.o(.text.HAL_SPI_MspInit)
    __arm_cp.5_1                             0x08004034   Number         4  stm32l0xx_hal_msp.o(.text.HAL_SPI_MspInit)
    __arm_cp.5_3                             0x08004038   Number         4  stm32l0xx_hal_msp.o(.text.HAL_SPI_MspInit)
    [Anonymous Symbol]                       0x0800403c   Section        0  stm32l0xx_hal_cortex.o(.text.HAL_SYSTICK_Config)
    [Anonymous Symbol]                       0x0800404c   Section        0  stm32l0xx_hal_uart.o(.text.HAL_UART_Init)
    [Anonymous Symbol]                       0x080040fc   Section        0  stm32l0xx_hal_msp.o(.text.HAL_UART_MspInit)
    __arm_cp.7_0                             0x08004160   Number         4  stm32l0xx_hal_msp.o(.text.HAL_UART_MspInit)
    __arm_cp.7_1                             0x08004164   Number         4  stm32l0xx_hal_msp.o(.text.HAL_UART_MspInit)
    __arm_cp.7_2                             0x08004168   Number         4  stm32l0xx_hal_msp.o(.text.HAL_UART_MspInit)
    [Anonymous Symbol]                       0x0800416c   Section        0  stm32l0xx_it.o(.text.HardFault_Handler)
    I2C_Flush_TXDR                           0x08004171   Thumb Code    64  stm32l0xx_hal_i2c.o(.text.I2C_Flush_TXDR)
    [Anonymous Symbol]                       0x08004170   Section        0  stm32l0xx_hal_i2c.o(.text.I2C_Flush_TXDR)
    I2C_IsAcknowledgeFailed                  0x080041b1   Thumb Code   264  stm32l0xx_hal_i2c.o(.text.I2C_IsAcknowledgeFailed)
    [Anonymous Symbol]                       0x080041b0   Section        0  stm32l0xx_hal_i2c.o(.text.I2C_IsAcknowledgeFailed)
    __arm_cp.78_0                            0x080042b8   Number         4  stm32l0xx_hal_i2c.o(.text.I2C_IsAcknowledgeFailed)
    I2C_RequestMemoryRead                    0x080042bd   Thumb Code   184  stm32l0xx_hal_i2c.o(.text.I2C_RequestMemoryRead)
    [Anonymous Symbol]                       0x080042bc   Section        0  stm32l0xx_hal_i2c.o(.text.I2C_RequestMemoryRead)
    I2C_RequestMemoryWrite                   0x08004375   Thumb Code   184  stm32l0xx_hal_i2c.o(.text.I2C_RequestMemoryWrite)
    [Anonymous Symbol]                       0x08004374   Section        0  stm32l0xx_hal_i2c.o(.text.I2C_RequestMemoryWrite)
    __arm_cp.32_0                            0x0800442c   Number         4  stm32l0xx_hal_i2c.o(.text.I2C_RequestMemoryWrite)
    I2C_TransferConfig                       0x08004431   Thumb Code    72  stm32l0xx_hal_i2c.o(.text.I2C_TransferConfig)
    [Anonymous Symbol]                       0x08004430   Section        0  stm32l0xx_hal_i2c.o(.text.I2C_TransferConfig)
    __arm_cp.6_0                             0x08004478   Number         4  stm32l0xx_hal_i2c.o(.text.I2C_TransferConfig)
    __arm_cp.6_1                             0x0800447c   Number         4  stm32l0xx_hal_i2c.o(.text.I2C_TransferConfig)
    I2C_WaitOnFlagUntilTimeout               0x08004481   Thumb Code   142  stm32l0xx_hal_i2c.o(.text.I2C_WaitOnFlagUntilTimeout)
    [Anonymous Symbol]                       0x08004480   Section        0  stm32l0xx_hal_i2c.o(.text.I2C_WaitOnFlagUntilTimeout)
    I2C_WaitOnSTOPFlagUntilTimeout           0x0800450f   Thumb Code   140  stm32l0xx_hal_i2c.o(.text.I2C_WaitOnSTOPFlagUntilTimeout)
    [Anonymous Symbol]                       0x0800450e   Section        0  stm32l0xx_hal_i2c.o(.text.I2C_WaitOnSTOPFlagUntilTimeout)
    I2C_WaitOnTXISFlagUntilTimeout           0x0800459b   Thumb Code   152  stm32l0xx_hal_i2c.o(.text.I2C_WaitOnTXISFlagUntilTimeout)
    [Anonymous Symbol]                       0x0800459a   Section        0  stm32l0xx_hal_i2c.o(.text.I2C_WaitOnTXISFlagUntilTimeout)
    [Anonymous Symbol]                       0x08004634   Section        0  lps25hb.o(.text.LPS25HB_Initialise)
    __arm_cp.0_0                             0x080046a0   Number         4  lps25hb.o(.text.LPS25HB_Initialise)
    [Anonymous Symbol]                       0x080046a4   Section        0  lps25hb.o(.text.LPS25HB_Measure_Temperature)
    __arm_cp.1_0                             0x08004734   Number         4  lps25hb.o(.text.LPS25HB_Measure_Temperature)
    __arm_cp.1_1                             0x08004738   Number         4  lps25hb.o(.text.LPS25HB_Measure_Temperature)
    __arm_cp.1_2                             0x0800473c   Number         4  lps25hb.o(.text.LPS25HB_Measure_Temperature)
    __arm_cp.1_3                             0x08004740   Number         4  lps25hb.o(.text.LPS25HB_Measure_Temperature)
    __arm_cp.1_4                             0x08004744   Number         4  lps25hb.o(.text.LPS25HB_Measure_Temperature)
    __arm_cp.1_5                             0x08004748   Number         4  lps25hb.o(.text.LPS25HB_Measure_Temperature)
    MX_ADC_Init                              0x0800474d   Thumb Code   120  main.o(.text.MX_ADC_Init)
    [Anonymous Symbol]                       0x0800474c   Section        0  main.o(.text.MX_ADC_Init)
    __arm_cp.3_0                             0x080047c4   Number         4  main.o(.text.MX_ADC_Init)
    __arm_cp.3_1                             0x080047c8   Number         4  main.o(.text.MX_ADC_Init)
    __arm_cp.3_2                             0x080047cc   Number         4  main.o(.text.MX_ADC_Init)
    MX_GPIO_Init                             0x080047d1   Thumb Code   284  main.o(.text.MX_GPIO_Init)
    [Anonymous Symbol]                       0x080047d0   Section        0  main.o(.text.MX_GPIO_Init)
    __arm_cp.2_0                             0x080048ec   Number         4  main.o(.text.MX_GPIO_Init)
    __arm_cp.2_2                             0x080048f0   Number         4  main.o(.text.MX_GPIO_Init)
    __arm_cp.2_3                             0x080048f4   Number         4  main.o(.text.MX_GPIO_Init)
    MX_I2C2_Init                             0x080048f9   Thumb Code    96  main.o(.text.MX_I2C2_Init)
    [Anonymous Symbol]                       0x080048f8   Section        0  main.o(.text.MX_I2C2_Init)
    __arm_cp.4_0                             0x08004958   Number         4  main.o(.text.MX_I2C2_Init)
    __arm_cp.4_1                             0x0800495c   Number         4  main.o(.text.MX_I2C2_Init)
    MX_SPI1_Init                             0x08004961   Thumb Code    68  main.o(.text.MX_SPI1_Init)
    [Anonymous Symbol]                       0x08004960   Section        0  main.o(.text.MX_SPI1_Init)
    __arm_cp.5_0                             0x080049a4   Number         4  main.o(.text.MX_SPI1_Init)
    __arm_cp.5_1                             0x080049a8   Number         4  main.o(.text.MX_SPI1_Init)
    MX_USART2_UART_Init                      0x080049ad   Thumb Code    60  main.o(.text.MX_USART2_UART_Init)
    [Anonymous Symbol]                       0x080049ac   Section        0  main.o(.text.MX_USART2_UART_Init)
    __arm_cp.6_0                             0x080049e8   Number         4  main.o(.text.MX_USART2_UART_Init)
    __arm_cp.6_1                             0x080049ec   Number         4  main.o(.text.MX_USART2_UART_Init)
    [Anonymous Symbol]                       0x080049f0   Section        0  stm32l0xx_it.o(.text.NMI_Handler)
    [Anonymous Symbol]                       0x080049f4   Section        0  stm32l0xx_it.o(.text.PendSV_Handler)
    [Anonymous Symbol]                       0x080049f6   Section        0  stm32l0xx_it.o(.text.SVC_Handler)
    [Anonymous Symbol]                       0x080049f8   Section        0  4_digit_7_segment.o(.text.SevenSegment_Display)
    __arm_cp.1_0                             0x08004af0   Number         4  4_digit_7_segment.o(.text.SevenSegment_Display)
    __arm_cp.1_1                             0x08004af4   Number         4  4_digit_7_segment.o(.text.SevenSegment_Display)
    __arm_cp.1_2                             0x08004af8   Number         4  4_digit_7_segment.o(.text.SevenSegment_Display)
    __arm_cp.1_3                             0x08004afc   Number         4  4_digit_7_segment.o(.text.SevenSegment_Display)
    __arm_cp.1_4                             0x08004b00   Number         4  4_digit_7_segment.o(.text.SevenSegment_Display)
    __arm_cp.1_5                             0x08004b04   Number         4  4_digit_7_segment.o(.text.SevenSegment_Display)
    __arm_cp.1_6                             0x08004b08   Number         4  4_digit_7_segment.o(.text.SevenSegment_Display)
    [Anonymous Symbol]                       0x08004b0c   Section        0  4_digit_7_segment.o(.text.SevenSegment_Update)
    __arm_cp.0_0                             0x08004b7c   Number         4  4_digit_7_segment.o(.text.SevenSegment_Update)
    SysTick_Config                           0x08004b81   Thumb Code    68  stm32l0xx_hal_cortex.o(.text.SysTick_Config)
    [Anonymous Symbol]                       0x08004b80   Section        0  stm32l0xx_hal_cortex.o(.text.SysTick_Config)
    __arm_cp.9_0                             0x08004bc4   Number         4  stm32l0xx_hal_cortex.o(.text.SysTick_Config)
    __arm_cp.9_1                             0x08004bc8   Number         4  stm32l0xx_hal_cortex.o(.text.SysTick_Config)
    __arm_cp.9_2                             0x08004bcc   Number         4  stm32l0xx_hal_cortex.o(.text.SysTick_Config)
    [Anonymous Symbol]                       0x08004bd0   Section        0  stm32l0xx_it.o(.text.SysTick_Handler)
    __arm_cp.4_0                             0x08004be0   Number         4  stm32l0xx_it.o(.text.SysTick_Handler)
    [Anonymous Symbol]                       0x08004be4   Section        0  main.o(.text.SystemClock_Config)
    __arm_cp.1_0                             0x08004c7c   Number         4  main.o(.text.SystemClock_Config)
    [Anonymous Symbol]                       0x08004c80   Section        0  system_stm32l0xx.o(.text.SystemInit)
    [Anonymous Symbol]                       0x08004c82   Section        0  stm32l0xx_hal_uart.o(.text.UART_AdvFeatureConfig)
    [Anonymous Symbol]                       0x08004ddc   Section        0  stm32l0xx_hal_uart.o(.text.UART_CheckIdleState)
    __arm_cp.4_0                             0x08004e7c   Number         4  stm32l0xx_hal_uart.o(.text.UART_CheckIdleState)
    [Anonymous Symbol]                       0x08004e80   Section        0  stm32l0xx_hal_uart.o(.text.UART_SetConfig)
    __arm_cp.2_16                            0x08005298   Number         4  stm32l0xx_hal_uart.o(.text.UART_SetConfig)
    __arm_cp.2_17                            0x080052d0   Number         4  stm32l0xx_hal_uart.o(.text.UART_SetConfig)
    __arm_cp.2_19                            0x08005368   Number         4  stm32l0xx_hal_uart.o(.text.UART_SetConfig)
    __arm_cp.2_0                             0x0800536c   Number         4  stm32l0xx_hal_uart.o(.text.UART_SetConfig)
    __arm_cp.2_4                             0x08005370   Number         4  stm32l0xx_hal_uart.o(.text.UART_SetConfig)
    __arm_cp.2_5                             0x08005374   Number         4  stm32l0xx_hal_uart.o(.text.UART_SetConfig)
    __arm_cp.2_6                             0x08005378   Number         4  stm32l0xx_hal_uart.o(.text.UART_SetConfig)
    __arm_cp.2_7                             0x0800537c   Number         4  stm32l0xx_hal_uart.o(.text.UART_SetConfig)
    __arm_cp.2_8                             0x08005380   Number         4  stm32l0xx_hal_uart.o(.text.UART_SetConfig)
    __arm_cp.2_9                             0x08005384   Number         4  stm32l0xx_hal_uart.o(.text.UART_SetConfig)
    [Anonymous Symbol]                       0x08005388   Section        0  stm32l0xx_hal_uart.o(.text.UART_WaitOnFlagUntilTimeout)
    __NVIC_SetPriority                       0x08005515   Thumb Code   124  stm32l0xx_hal_cortex.o(.text.__NVIC_SetPriority)
    [Anonymous Symbol]                       0x08005514   Section        0  stm32l0xx_hal_cortex.o(.text.__NVIC_SetPriority)
    __arm_cp.1_0                             0x08005590   Number         4  stm32l0xx_hal_cortex.o(.text.__NVIC_SetPriority)
    __arm_cp.1_1                             0x08005594   Number         4  stm32l0xx_hal_cortex.o(.text.__NVIC_SetPriority)
    [Anonymous Symbol]                       0x08005598   Section        0  main.o(.text.main)
    __arm_cp.0_0                             0x080055ec   Number         4  main.o(.text.main)
    __arm_cp.0_1                             0x080055f0   Number         4  main.o(.text.main)
    __arm_cp.0_2                             0x080055f4   Number         4  main.o(.text.main)
    i.__ARM_common_ll_muluu                  0x080055f8   Section        0  btod.o(i.__ARM_common_ll_muluu)
    i.__ARM_fpclassify                       0x08005628   Section        0  fpclassify.o(i.__ARM_fpclassify)
    i._is_digit                              0x08005654   Section        0  __printf_wp.o(i._is_digit)
    locale$$code                             0x08005664   Section       44  lc_numeric_c.o(locale$$code)
    locale$$code                             0x08005690   Section       44  lc_ctype_c.o(locale$$code)
    x$fpl$fadd                               0x080056bc   Section      140  faddsub.o(x$fpl$fadd)
    _fadd1                                   0x080056c9   Thumb Code     0  faddsub.o(x$fpl$fadd)
    x$fpl$fsub                               0x08005748   Section      208  faddsub.o(x$fpl$fsub)
    _fsub1                                   0x08005755   Thumb Code     0  faddsub.o(x$fpl$fsub)
    x$fpl$printf1                            0x08005818   Section       16  printf1.o(x$fpl$printf1)
    x$fpl$printf2                            0x08005828   Section       16  printf2.o(x$fpl$printf2)
    fdiv_tab                                 0x08005838   Data          64  fdiv.o(.constdata)
    .constdata                               0x08005838   Section       64  fdiv.o(.constdata)
    x$fpl$usenofp                            0x08005838   Section        0  usenofp.o(x$fpl$usenofp)
    initial_mbstate                          0x08005878   Data           8  _printf_wctomb.o(.constdata)
    .constdata                               0x08005878   Section        8  _printf_wctomb.o(.constdata)
    uc_hextab                                0x08005880   Data          20  _printf_hex_int_ll_ptr.o(.constdata)
    .constdata                               0x08005880   Section       40  _printf_hex_int_ll_ptr.o(.constdata)
    lc_hextab                                0x08005894   Data          20  _printf_hex_int_ll_ptr.o(.constdata)
    maptable                                 0x080058a8   Data          17  __printf_flags_ss_wp.o(.constdata)
    .constdata                               0x080058a8   Section       17  __printf_flags_ss_wp.o(.constdata)
    lc_hextab                                0x080058b9   Data          19  _printf_fp_hex.o(.constdata)
    .constdata                               0x080058b9   Section       38  _printf_fp_hex.o(.constdata)
    uc_hextab                                0x080058cc   Data          19  _printf_fp_hex.o(.constdata)
    tenpwrs_x                                0x080058e0   Data          60  bigflt0.o(.constdata)
    .constdata                               0x080058e0   Section      148  bigflt0.o(.constdata)
    tenpwrs_i                                0x0800591c   Data          64  bigflt0.o(.constdata)
    [Anonymous Symbol]                       0x08005995   Section        0  4_digit_7_segment.o(.rodata.str1.1)
    locale$$data                             0x080059bc   Section       28  lc_numeric_c.o(locale$$data)
    __lcnum_c_name                           0x080059c0   Data           2  lc_numeric_c.o(locale$$data)
    __lcnum_c_start                          0x080059c8   Data           0  lc_numeric_c.o(locale$$data)
    __lcnum_c_point                          0x080059d4   Data           0  lc_numeric_c.o(locale$$data)
    __lcnum_c_thousands                      0x080059d6   Data           0  lc_numeric_c.o(locale$$data)
    __lcnum_c_grouping                       0x080059d7   Data           0  lc_numeric_c.o(locale$$data)
    __lcnum_c_end                            0x080059d8   Data           0  lc_numeric_c.o(locale$$data)
    locale$$data                             0x080059d8   Section      272  lc_ctype_c.o(locale$$data)
    __lcctype_c_name                         0x080059dc   Data           2  lc_ctype_c.o(locale$$data)
    __lcctype_c_start                        0x080059e4   Data           0  lc_ctype_c.o(locale$$data)
    __lcctype_c_end                          0x08005ae8   Data           0  lc_ctype_c.o(locale$$data)
    .bss                                     0x20000018   Section       96  libspace.o(.bss)
    Heap_Mem                                 0x20000218   Data         512  startup_stm32l073xx.o(HEAP)
    HEAP                                     0x20000218   Section      512  startup_stm32l073xx.o(HEAP)
    Stack_Mem                                0x20000418   Data        1024  startup_stm32l073xx.o(STACK)
    STACK                                    0x20000418   Section     1024  startup_stm32l073xx.o(STACK)
    __initial_sp                             0x20000818   Data           0  startup_stm32l073xx.o(STACK)

    Global Symbols

    Symbol Name                              Value     Ov Type        Size  Object(Section)

    BuildAttributes$$THM_ISAv3M$S$PE$A:L22$X:L11$S22$IEEE1$IW$~IW$USESV6$~STKCKD$USESV7$~SHL$OTIME$ROPI$IEEEJ$EBA8$UX$STANDARDLIB$REQ8$PRES8$EABIv2 0x00000000   Number         0  anon$$obj.o ABSOLUTE
    _printf_flags                            0x00000000   Number         0  printf_stubs.o ABSOLUTE
    _printf_return_value                     0x00000000   Number         0  printf_stubs.o ABSOLUTE
    _printf_sizespec                         0x00000000   Number         0  printf_stubs.o ABSOLUTE
    _printf_widthprec                        0x00000000   Number         0  printf_stubs.o ABSOLUTE
    __ARM_exceptions_init                     - Undefined Weak Reference
    __alloca_initialize                       - Undefined Weak Reference
    __arm_preinit_                            - Undefined Weak Reference
    __arm_relocate_pie_                       - Undefined Weak Reference
    __cpp_initialize__aeabi_                  - Undefined Weak Reference
    __cxa_finalize                            - Undefined Weak Reference
    __sigvec_lookup                           - Undefined Weak Reference
    _atexit_init                              - Undefined Weak Reference
    _call_atexit_fns                          - Undefined Weak Reference
    _clock_init                               - Undefined Weak Reference
    _fp_trap_init                             - Undefined Weak Reference
    _fp_trap_shutdown                         - Undefined Weak Reference
    _get_lc_collate                           - Undefined Weak Reference
    _get_lc_monetary                          - Undefined Weak Reference
    _get_lc_time                              - Undefined Weak Reference
    _getenv_init                              - Undefined Weak Reference
    _handle_redirection                       - Undefined Weak Reference
    _init_alloc                               - Undefined Weak Reference
    _init_user_alloc                          - Undefined Weak Reference
    _initio                                   - Undefined Weak Reference
    _printf_mbtowc                            - Undefined Weak Reference
    _printf_wc                                - Undefined Weak Reference
    _rand_init                                - Undefined Weak Reference
    _signal_finish                            - Undefined Weak Reference
    _signal_init                              - Undefined Weak Reference
    _terminate_alloc                          - Undefined Weak Reference
    _terminate_user_alloc                     - Undefined Weak Reference
    _terminateio                              - Undefined Weak Reference
    __Vectors_Size                           0x000000c0   Number         0  startup_stm32l073xx.o ABSOLUTE
    __Vectors                                0x08000000   Data           4  startup_stm32l073xx.o(RESET)
    __Vectors_End                            0x080000c0   Data           0  startup_stm32l073xx.o(RESET)
    __main                                   0x080000c1   Thumb Code     8  __main.o(!!!main)
    __scatterload                            0x080000c9   Thumb Code     0  __scatter.o(!!!scatter)
    __scatterload_rt2                        0x080000c9   Thumb Code    52  __scatter.o(!!!scatter)
    __scatterload_rt2_thumb_only             0x080000c9   Thumb Code     0  __scatter.o(!!!scatter)
    __scatterload_null                       0x080000d9   Thumb Code     0  __scatter.o(!!!scatter)
    __scatterload_copy                       0x08000105   Thumb Code    26  __scatter_copy.o(!!handler_copy)
    __scatterload_zeroinit                   0x08000121   Thumb Code    28  __scatter_zi.o(!!handler_zi)
    _printf_percent                          0x0800013d   Thumb Code     0  _printf_percent.o(.ARM.Collect$$_printf_percent$$00000000)
    _printf_n                                0x0800013f   Thumb Code     0  _printf_n.o(.ARM.Collect$$_printf_percent$$00000001)
    _printf_p                                0x08000149   Thumb Code     0  _printf_p.o(.ARM.Collect$$_printf_percent$$00000002)
    _printf_f                                0x08000153   Thumb Code     0  _printf_f.o(.ARM.Collect$$_printf_percent$$00000003)
    _printf_e                                0x0800015d   Thumb Code     0  _printf_e.o(.ARM.Collect$$_printf_percent$$00000004)
    _printf_g                                0x08000167   Thumb Code     0  _printf_g.o(.ARM.Collect$$_printf_percent$$00000005)
    _printf_a                                0x08000171   Thumb Code     0  _printf_a.o(.ARM.Collect$$_printf_percent$$00000006)
    _printf_ll                               0x0800017b   Thumb Code     0  _printf_ll.o(.ARM.Collect$$_printf_percent$$00000007)
    _printf_i                                0x08000185   Thumb Code     0  _printf_i.o(.ARM.Collect$$_printf_percent$$00000008)
    _printf_d                                0x0800018f   Thumb Code     0  _printf_d.o(.ARM.Collect$$_printf_percent$$00000009)
    _printf_u                                0x08000199   Thumb Code     0  _printf_u.o(.ARM.Collect$$_printf_percent$$0000000A)
    _printf_o                                0x080001a3   Thumb Code     0  _printf_o.o(.ARM.Collect$$_printf_percent$$0000000B)
    _printf_x                                0x080001ad   Thumb Code     0  _printf_x.o(.ARM.Collect$$_printf_percent$$0000000C)
    _printf_lli                              0x080001b7   Thumb Code     0  _printf_lli.o(.ARM.Collect$$_printf_percent$$0000000D)
    _printf_lld                              0x080001c1   Thumb Code     0  _printf_lld.o(.ARM.Collect$$_printf_percent$$0000000E)
    _printf_llu                              0x080001cb   Thumb Code     0  _printf_llu.o(.ARM.Collect$$_printf_percent$$0000000F)
    _printf_llo                              0x080001d5   Thumb Code     0  _printf_llo.o(.ARM.Collect$$_printf_percent$$00000010)
    _printf_llx                              0x080001df   Thumb Code     0  _printf_llx.o(.ARM.Collect$$_printf_percent$$00000011)
    _printf_l                                0x080001e9   Thumb Code     0  _printf_l.o(.ARM.Collect$$_printf_percent$$00000012)
    _printf_c                                0x080001f3   Thumb Code     0  _printf_c.o(.ARM.Collect$$_printf_percent$$00000013)
    _printf_s                                0x080001fd   Thumb Code     0  _printf_s.o(.ARM.Collect$$_printf_percent$$00000014)
    _printf_lc                               0x08000207   Thumb Code     0  _printf_lc.o(.ARM.Collect$$_printf_percent$$00000015)
    _printf_ls                               0x08000211   Thumb Code     0  _printf_ls.o(.ARM.Collect$$_printf_percent$$00000016)
    _printf_percent_end                      0x0800021b   Thumb Code     0  _printf_percent_end.o(.ARM.Collect$$_printf_percent$$00000017)
    __rt_lib_init                            0x0800021f   Thumb Code     0  libinit.o(.ARM.Collect$$libinit$$00000000)
    __rt_lib_init_fp_1                       0x08000221   Thumb Code     0  libinit2.o(.ARM.Collect$$libinit$$00000002)
    __rt_lib_init_heap_1                     0x08000221   Thumb Code     0  libinit2.o(.ARM.Collect$$libinit$$0000000C)
    __rt_lib_init_lc_common                  0x08000221   Thumb Code     0  libinit2.o(.ARM.Collect$$libinit$$00000011)
    __rt_lib_init_preinit_1                  0x08000221   Thumb Code     0  libinit2.o(.ARM.Collect$$libinit$$00000006)
    __rt_lib_init_rand_1                     0x08000221   Thumb Code     0  libinit2.o(.ARM.Collect$$libinit$$00000010)
    __rt_lib_init_relocate_pie_1             0x08000221   Thumb Code     0  libinit2.o(.ARM.Collect$$libinit$$00000004)
    __rt_lib_init_user_alloc_1               0x08000221   Thumb Code     0  libinit2.o(.ARM.Collect$$libinit$$0000000E)
    __rt_lib_init_lc_collate_1               0x08000227   Thumb Code     0  libinit2.o(.ARM.Collect$$libinit$$00000013)
    __rt_lib_init_lc_ctype_2                 0x08000227   Thumb Code     0  libinit2.o(.ARM.Collect$$libinit$$00000014)
    __rt_lib_init_lc_ctype_1                 0x08000233   Thumb Code     0  libinit2.o(.ARM.Collect$$libinit$$00000015)
    __rt_lib_init_lc_monetary_1              0x08000233   Thumb Code     0  libinit2.o(.ARM.Collect$$libinit$$00000017)
    __rt_lib_init_lc_numeric_2               0x08000233   Thumb Code     0  libinit2.o(.ARM.Collect$$libinit$$00000018)
    __rt_lib_init_alloca_1                   0x0800023d   Thumb Code     0  libinit2.o(.ARM.Collect$$libinit$$00000030)
    __rt_lib_init_argv_1                     0x0800023d   Thumb Code     0  libinit2.o(.ARM.Collect$$libinit$$0000002E)
    __rt_lib_init_atexit_1                   0x0800023d   Thumb Code     0  libinit2.o(.ARM.Collect$$libinit$$0000001D)
    __rt_lib_init_clock_1                    0x0800023d   Thumb Code     0  libinit2.o(.ARM.Collect$$libinit$$00000023)
    __rt_lib_init_cpp_1                      0x0800023d   Thumb Code     0  libinit2.o(.ARM.Collect$$libinit$$00000034)
    __rt_lib_init_exceptions_1               0x0800023d   Thumb Code     0  libinit2.o(.ARM.Collect$$libinit$$00000032)
    __rt_lib_init_fp_trap_1                  0x0800023d   Thumb Code     0  libinit2.o(.ARM.Collect$$libinit$$00000021)
    __rt_lib_init_getenv_1                   0x0800023d   Thumb Code     0  libinit2.o(.ARM.Collect$$libinit$$00000025)
    __rt_lib_init_lc_numeric_1               0x0800023d   Thumb Code     0  libinit2.o(.ARM.Collect$$libinit$$00000019)
    __rt_lib_init_lc_time_1                  0x0800023d   Thumb Code     0  libinit2.o(.ARM.Collect$$libinit$$0000001B)
    __rt_lib_init_return                     0x0800023d   Thumb Code     0  libinit2.o(.ARM.Collect$$libinit$$00000035)
    __rt_lib_init_signal_1                   0x0800023d   Thumb Code     0  libinit2.o(.ARM.Collect$$libinit$$0000001F)
    __rt_lib_init_stdio_1                    0x0800023d   Thumb Code     0  libinit2.o(.ARM.Collect$$libinit$$00000027)
    __rt_lib_shutdown                        0x0800023f   Thumb Code     0  libshutdown.o(.ARM.Collect$$libshutdown$$00000000)
    __rt_lib_shutdown_cpp_1                  0x08000241   Thumb Code     0  libshutdown2.o(.ARM.Collect$$libshutdown$$00000002)
    __rt_lib_shutdown_fp_trap_1              0x08000241   Thumb Code     0  libshutdown2.o(.ARM.Collect$$libshutdown$$00000007)
    __rt_lib_shutdown_heap_1                 0x08000241   Thumb Code     0  libshutdown2.o(.ARM.Collect$$libshutdown$$0000000F)
    __rt_lib_shutdown_return                 0x08000241   Thumb Code     0  libshutdown2.o(.ARM.Collect$$libshutdown$$00000010)
    __rt_lib_shutdown_signal_1               0x08000241   Thumb Code     0  libshutdown2.o(.ARM.Collect$$libshutdown$$0000000A)
    __rt_lib_shutdown_stdio_1                0x08000241   Thumb Code     0  libshutdown2.o(.ARM.Collect$$libshutdown$$00000004)
    __rt_lib_shutdown_user_alloc_1           0x08000241   Thumb Code     0  libshutdown2.o(.ARM.Collect$$libshutdown$$0000000C)
    __rt_entry                               0x08000243   Thumb Code     0  __rtentry.o(.ARM.Collect$$rtentry$$00000000)
    __rt_entry_presh_1                       0x08000243   Thumb Code     0  __rtentry2.o(.ARM.Collect$$rtentry$$00000002)
    __rt_entry_sh                            0x08000243   Thumb Code     0  __rtentry4.o(.ARM.Collect$$rtentry$$00000004)
    __rt_entry_li                            0x08000249   Thumb Code     0  __rtentry2.o(.ARM.Collect$$rtentry$$0000000A)
    __rt_entry_postsh_1                      0x08000249   Thumb Code     0  __rtentry2.o(.ARM.Collect$$rtentry$$00000009)
    __rt_entry_main                          0x0800024d   Thumb Code     0  __rtentry2.o(.ARM.Collect$$rtentry$$0000000D)
    __rt_entry_postli_1                      0x0800024d   Thumb Code     0  __rtentry2.o(.ARM.Collect$$rtentry$$0000000C)
    __rt_exit                                0x08000255   Thumb Code     0  rtexit.o(.ARM.Collect$$rtexit$$00000000)
    __rt_exit_ls                             0x08000257   Thumb Code     0  rtexit2.o(.ARM.Collect$$rtexit$$00000003)
    __rt_exit_prels_1                        0x08000257   Thumb Code     0  rtexit2.o(.ARM.Collect$$rtexit$$00000002)
    __rt_exit_exit                           0x0800025b   Thumb Code     0  rtexit2.o(.ARM.Collect$$rtexit$$00000004)
    Reset_Handler                            0x08000261   Thumb Code     8  startup_stm32l073xx.o(.text)
    ADC1_COMP_IRQHandler                     0x08000273   Thumb Code     0  startup_stm32l073xx.o(.text)
    DMA1_Channel1_IRQHandler                 0x08000273   Thumb Code     0  startup_stm32l073xx.o(.text)
    DMA1_Channel2_3_IRQHandler               0x08000273   Thumb Code     0  startup_stm32l073xx.o(.text)
    DMA1_Channel4_5_6_7_IRQHandler           0x08000273   Thumb Code     0  startup_stm32l073xx.o(.text)
    EXTI0_1_IRQHandler                       0x08000273   Thumb Code     0  startup_stm32l073xx.o(.text)
    EXTI2_3_IRQHandler                       0x08000273   Thumb Code     0  startup_stm32l073xx.o(.text)
    EXTI4_15_IRQHandler                      0x08000273   Thumb Code     0  startup_stm32l073xx.o(.text)
    FLASH_IRQHandler                         0x08000273   Thumb Code     0  startup_stm32l073xx.o(.text)
    I2C1_IRQHandler                          0x08000273   Thumb Code     0  startup_stm32l073xx.o(.text)
    I2C2_IRQHandler                          0x08000273   Thumb Code     0  startup_stm32l073xx.o(.text)
    I2C3_IRQHandler                          0x08000273   Thumb Code     0  startup_stm32l073xx.o(.text)
    LCD_IRQHandler                           0x08000273   Thumb Code     0  startup_stm32l073xx.o(.text)
    LPTIM1_IRQHandler                        0x08000273   Thumb Code     0  startup_stm32l073xx.o(.text)
    PVD_IRQHandler                           0x08000273   Thumb Code     0  startup_stm32l073xx.o(.text)
    RCC_CRS_IRQHandler                       0x08000273   Thumb Code     0  startup_stm32l073xx.o(.text)
    RNG_LPUART1_IRQHandler                   0x08000273   Thumb Code     0  startup_stm32l073xx.o(.text)
    RTC_IRQHandler                           0x08000273   Thumb Code     0  startup_stm32l073xx.o(.text)
    SPI1_IRQHandler                          0x08000273   Thumb Code     0  startup_stm32l073xx.o(.text)
    SPI2_IRQHandler                          0x08000273   Thumb Code     0  startup_stm32l073xx.o(.text)
    TIM21_IRQHandler                         0x08000273   Thumb Code     0  startup_stm32l073xx.o(.text)
    TIM22_IRQHandler                         0x08000273   Thumb Code     0  startup_stm32l073xx.o(.text)
    TIM2_IRQHandler                          0x08000273   Thumb Code     0  startup_stm32l073xx.o(.text)
    TIM3_IRQHandler                          0x08000273   Thumb Code     0  startup_stm32l073xx.o(.text)
    TIM6_DAC_IRQHandler                      0x08000273   Thumb Code     0  startup_stm32l073xx.o(.text)
    TIM7_IRQHandler                          0x08000273   Thumb Code     0  startup_stm32l073xx.o(.text)
    TSC_IRQHandler                           0x08000273   Thumb Code     0  startup_stm32l073xx.o(.text)
    USART1_IRQHandler                        0x08000273   Thumb Code     0  startup_stm32l073xx.o(.text)
    USART2_IRQHandler                        0x08000273   Thumb Code     0  startup_stm32l073xx.o(.text)
    USART4_5_IRQHandler                      0x08000273   Thumb Code     0  startup_stm32l073xx.o(.text)
    USB_IRQHandler                           0x08000273   Thumb Code     0  startup_stm32l073xx.o(.text)
    WWDG_IRQHandler                          0x08000273   Thumb Code     0  startup_stm32l073xx.o(.text)
    __user_initial_stackheap                 0x08000275   Thumb Code     0  startup_stm32l073xx.o(.text)
    __aeabi_lmul                             0x08000299   Thumb Code    48  llmul.o(.text)
    _ll_mul                                  0x08000299   Thumb Code     0  llmul.o(.text)
    __aeabi_uldivmod                         0x080002c9   Thumb Code   272  lludiv.o(.text)
    _ll_udiv                                 0x080002c9   Thumb Code     0  lludiv.o(.text)
    sprintf                                  0x080003d9   Thumb Code    40  sprintf.o(.text)
    _memset_w                                0x08000405   Thumb Code    26  rt_memclr.o(.text)
    _memset                                  0x0800041f   Thumb Code    30  rt_memclr.o(.text)
    __aeabi_memclr                           0x0800043d   Thumb Code     4  rt_memclr.o(.text)
    __rt_memclr                              0x0800043d   Thumb Code     0  rt_memclr.o(.text)
    __aeabi_memclr4                          0x08000441   Thumb Code     0  rt_memclr.o(.text)
    __aeabi_memclr8                          0x08000441   Thumb Code     0  rt_memclr.o(.text)
    __rt_memclr_w                            0x08000441   Thumb Code     4  rt_memclr.o(.text)
    __aeabi_uidiv                            0x08000445   Thumb Code     0  aeabi_sdiv.o(.text)
    __aeabi_uidivmod                         0x08000445   Thumb Code    20  aeabi_sdiv.o(.text)
    __aeabi_idiv                             0x08000459   Thumb Code     0  aeabi_sdiv.o(.text)
    __aeabi_idivmod                          0x08000459   Thumb Code   338  aeabi_sdiv.o(.text)
    __use_two_region_memory                  0x080005b1   Thumb Code     2  heapauxi.o(.text)
    __rt_heap_escrow$2region                 0x080005b3   Thumb Code     2  heapauxi.o(.text)
    __rt_heap_expand$2region                 0x080005b5   Thumb Code     2  heapauxi.o(.text)
    __aeabi_f2d                              0x080005b9   Thumb Code     0  f2d.o(.text)
    _f2d                                     0x080005b9   Thumb Code    80  f2d.o(.text)
    __aeabi_fdiv                             0x0800060d   Thumb Code     0  fdiv.o(.text)
    _fdiv                                    0x0800060d   Thumb Code   334  fdiv.o(.text)
    _frdiv                                   0x0800075b   Thumb Code     8  fdiv.o(.text)
    __aeabi_i2f_normalise                    0x0800076d   Thumb Code    72  fflti.o(.text)
    __aeabi_i2f                              0x080007b5   Thumb Code    16  fflti.o(.text)
    _fflt                                    0x080007b5   Thumb Code     0  fflti.o(.text)
    __aeabi_ui2f                             0x080007c5   Thumb Code     6  fflti.o(.text)
    _ffltu                                   0x080007c5   Thumb Code     0  fflti.o(.text)
    _printf_pre_padding                      0x080007cb   Thumb Code    44  _printf_pad.o(.text)
    _printf_post_padding                     0x080007f7   Thumb Code    34  _printf_pad.o(.text)
    _printf_truncate_signed                  0x08000819   Thumb Code    18  _printf_truncate.o(.text)
    _printf_truncate_unsigned                0x0800082b   Thumb Code    18  _printf_truncate.o(.text)
    _printf_str                              0x0800083d   Thumb Code    82  _printf_str.o(.text)
    _printf_int_dec                          0x08000891   Thumb Code    90  _printf_dec.o(.text)
    _printf_charcount                        0x080008fd   Thumb Code    38  _printf_charcount.o(.text)
    _printf_char_common                      0x0800092f   Thumb Code    32  _printf_char_common.o(.text)
    _sputc                                   0x08000955   Thumb Code    10  _sputc.o(.text)
    _printf_wctomb                           0x08000961   Thumb Code   182  _printf_wctomb.o(.text)
    _printf_longlong_dec                     0x08000a1d   Thumb Code    94  _printf_longlong_dec.o(.text)
    _printf_longlong_oct                     0x08000a8d   Thumb Code    68  _printf_oct_int_ll.o(.text)
    _printf_int_oct                          0x08000ad1   Thumb Code    24  _printf_oct_int_ll.o(.text)
    _printf_ll_oct                           0x08000ae9   Thumb Code    10  _printf_oct_int_ll.o(.text)
    _printf_longlong_hex                     0x08000afd   Thumb Code    88  _printf_hex_int_ll_ptr.o(.text)
    _printf_int_hex                          0x08000b55   Thumb Code    28  _printf_hex_int_ll_ptr.o(.text)
    _printf_ll_hex                           0x08000b71   Thumb Code    10  _printf_hex_int_ll_ptr.o(.text)
    _printf_hex_ptr                          0x08000b7b   Thumb Code    22  _printf_hex_int_ll_ptr.o(.text)
    __printf                                 0x08000b95   Thumb Code   386  __printf_flags_ss_wp.o(.text)
    _ll_udiv10                               0x08000d1d   Thumb Code   122  lludiv10.o(.text)
    _printf_int_common                       0x08000d97   Thumb Code   176  _printf_intcommon.o(.text)
    _printf_fp_dec_real                      0x08000fe5   Thumb Code   620  _printf_fp_dec.o(.text)
    _printf_fp_hex_real                      0x0800125d   Thumb Code   718  _printf_fp_hex.o(.text)
    _printf_cs_common                        0x08001535   Thumb Code    22  _printf_char.o(.text)
    _printf_char                             0x0800154b   Thumb Code    16  _printf_char.o(.text)
    _printf_string                           0x0800155b   Thumb Code     8  _printf_char.o(.text)
    _printf_lcs_common                       0x08001563   Thumb Code    22  _printf_wchar.o(.text)
    _printf_wchar                            0x08001579   Thumb Code    16  _printf_wchar.o(.text)
    _printf_wstring                          0x08001589   Thumb Code     8  _printf_wchar.o(.text)
    _c16rtomb                                0x08001591   Thumb Code    66  _c16rtomb.o(.text)
    _wcrtomb                                 0x08001591   Thumb Code     0  _c16rtomb.o(.text)
    __rt_udiv10                              0x080015d3   Thumb Code    40  rtudiv10.o(.text)
    __user_setup_stackheap                   0x080015fb   Thumb Code    62  sys_stackheap_outer.o(.text)
    __rt_ctype_table                         0x08001639   Thumb Code    16  rt_ctype_table.o(.text)
    __rt_locale                              0x08001649   Thumb Code     8  rt_locale_intlibspace.o(.text)
    _printf_fp_infnan                        0x08001651   Thumb Code   120  _printf_fp_infnan.o(.text)
    _btod_etento                             0x080016d9   Thumb Code   210  bigflt0.o(.text)
    _btod_d2e                                0x080017b1   Thumb Code    64  btod.o(.text)
    _btod_emul                               0x08001be5   Thumb Code    28  btod.o(.text)
    _btod_emuld                              0x08001c01   Thumb Code   144  btod.o(.text)
    _btod_ediv                               0x08001c91   Thumb Code    26  btod.o(.text)
    _btod_edivd                              0x08001cab   Thumb Code   124  btod.o(.text)
    exit                                     0x08001d31   Thumb Code    16  exit.o(.text)
    __user_libspace                          0x08001d41   Thumb Code     8  libspace.o(.text)
    __user_perproc_libspace                  0x08001d41   Thumb Code     0  libspace.o(.text)
    __user_perthread_libspace                0x08001d41   Thumb Code     0  libspace.o(.text)
    strcmp                                   0x08001d49   Thumb Code   132  strcmp.o(.text)
    _sys_exit                                0x08001dd1   Thumb Code     8  sys_exit.o(.text)
    __I$use$semihosting                      0x08001ddd   Thumb Code     0  use_no_semi.o(.text)
    __use_no_semihosting_swi                 0x08001ddd   Thumb Code     2  use_no_semi.o(.text)
    __semihosting_library_function           0x08001ddf   Thumb Code     0  indicate_semi.o(.text)
    Error_Handler                            0x08001e19   Thumb Code    14  main.o(.text.Error_Handler)
    HAL_ADC_ConfigChannel                    0x08001e29   Thumb Code   336  stm32l0xx_hal_adc.o(.text.HAL_ADC_ConfigChannel)
    HAL_ADC_Init                             0x08001f85   Thumb Code   680  stm32l0xx_hal_adc.o(.text.HAL_ADC_Init)
    HAL_ADC_MspInit                          0x08002235   Thumb Code    92  stm32l0xx_hal_msp.o(.text.HAL_ADC_MspInit)
    HAL_Delay                                0x08002299   Thumb Code    64  stm32l0xx_hal.o(.text.HAL_Delay)
    HAL_GPIO_Init                            0x080022dd   Thumb Code   744  stm32l0xx_hal_gpio.o(.text.HAL_GPIO_Init)
    HAL_GPIO_WritePin                        0x080025f1   Thumb Code    44  stm32l0xx_hal_gpio.o(.text.HAL_GPIO_WritePin)
    HAL_GetTick                              0x0800261d   Thumb Code     8  stm32l0xx_hal.o(.text.HAL_GetTick)
    HAL_I2CEx_ConfigAnalogFilter             0x08002629   Thumb Code   150  stm32l0xx_hal_i2c_ex.o(.text.HAL_I2CEx_ConfigAnalogFilter)
    HAL_I2CEx_ConfigDigitalFilter            0x080026bf   Thumb Code   160  stm32l0xx_hal_i2c_ex.o(.text.HAL_I2CEx_ConfigDigitalFilter)
    HAL_I2C_Init                             0x08002761   Thumb Code   264  stm32l0xx_hal_i2c.o(.text.HAL_I2C_Init)
    HAL_I2C_Mem_Read                         0x0800286d   Thumb Code   608  stm32l0xx_hal_i2c.o(.text.HAL_I2C_Mem_Read)
    HAL_I2C_Mem_Write                        0x08002ad1   Thumb Code   600  stm32l0xx_hal_i2c.o(.text.HAL_I2C_Mem_Write)
    HAL_I2C_MspInit                          0x08002d2d   Thumb Code   100  stm32l0xx_hal_msp.o(.text.HAL_I2C_MspInit)
    HAL_IncTick                              0x08002d9d   Thumb Code    16  stm32l0xx_hal.o(.text.HAL_IncTick)
    HAL_Init                                 0x08002db1   Thumb Code    52  stm32l0xx_hal.o(.text.HAL_Init)
    HAL_InitTick                             0x08002de9   Thumb Code   100  stm32l0xx_hal.o(.text.HAL_InitTick)
    HAL_MspInit                              0x08002e59   Thumb Code    24  stm32l0xx_hal_msp.o(.text.HAL_MspInit)
    HAL_NVIC_SetPriority                     0x08002e79   Thumb Code    28  stm32l0xx_hal_cortex.o(.text.HAL_NVIC_SetPriority)
    HAL_RCCEx_PeriphCLKConfig                0x08002e95   Thumb Code   760  stm32l0xx_hal_rcc_ex.o(.text.HAL_RCCEx_PeriphCLKConfig)
    HAL_RCC_ClockConfig                      0x080031a5   Thumb Code   744  stm32l0xx_hal_rcc.o(.text.HAL_RCC_ClockConfig)
    HAL_RCC_GetHCLKFreq                      0x0800349d   Thumb Code     8  stm32l0xx_hal_rcc.o(.text.HAL_RCC_GetHCLKFreq)
    HAL_RCC_GetPCLK1Freq                     0x080034a9   Thumb Code    28  stm32l0xx_hal_rcc.o(.text.HAL_RCC_GetPCLK1Freq)
    HAL_RCC_GetPCLK2Freq                     0x080034c5   Thumb Code    28  stm32l0xx_hal_rcc.o(.text.HAL_RCC_GetPCLK2Freq)
    HAL_RCC_GetSysClockFreq                  0x080034e9   Thumb Code   288  stm32l0xx_hal_rcc.o(.text.HAL_RCC_GetSysClockFreq)
    HAL_RCC_OscConfig                        0x08003625   Thumb Code  2124  stm32l0xx_hal_rcc.o(.text.HAL_RCC_OscConfig)
    HAL_SPI_Init                             0x08003e91   Thumb Code   258  stm32l0xx_hal_spi.o(.text.HAL_SPI_Init)
    HAL_SPI_MspInit                          0x08003f95   Thumb Code   156  stm32l0xx_hal_msp.o(.text.HAL_SPI_MspInit)
    HAL_SYSTICK_Config                       0x0800403d   Thumb Code    16  stm32l0xx_hal_cortex.o(.text.HAL_SYSTICK_Config)
    HAL_UART_Init                            0x0800404d   Thumb Code   176  stm32l0xx_hal_uart.o(.text.HAL_UART_Init)
    HAL_UART_MspInit                         0x080040fd   Thumb Code   100  stm32l0xx_hal_msp.o(.text.HAL_UART_MspInit)
    HardFault_Handler                        0x0800416d   Thumb Code     4  stm32l0xx_it.o(.text.HardFault_Handler)
    LPS25HB_Initialise                       0x08004635   Thumb Code   108  lps25hb.o(.text.LPS25HB_Initialise)
    LPS25HB_Measure_Temperature              0x080046a5   Thumb Code   144  lps25hb.o(.text.LPS25HB_Measure_Temperature)
    NMI_Handler                              0x080049f1   Thumb Code     4  stm32l0xx_it.o(.text.NMI_Handler)
    PendSV_Handler                           0x080049f5   Thumb Code     2  stm32l0xx_it.o(.text.PendSV_Handler)
    SVC_Handler                              0x080049f7   Thumb Code     2  stm32l0xx_it.o(.text.SVC_Handler)
    SevenSegment_Display                     0x080049f9   Thumb Code   248  4_digit_7_segment.o(.text.SevenSegment_Display)
    SevenSegment_Update                      0x08004b0d   Thumb Code   112  4_digit_7_segment.o(.text.SevenSegment_Update)
    SysTick_Handler                          0x08004bd1   Thumb Code    16  stm32l0xx_it.o(.text.SysTick_Handler)
    SystemClock_Config                       0x08004be5   Thumb Code   152  main.o(.text.SystemClock_Config)
    SystemInit                               0x08004c81   Thumb Code     2  system_stm32l0xx.o(.text.SystemInit)
    UART_AdvFeatureConfig                    0x08004c83   Thumb Code   346  stm32l0xx_hal_uart.o(.text.UART_AdvFeatureConfig)
    UART_CheckIdleState                      0x08004ddd   Thumb Code   160  stm32l0xx_hal_uart.o(.text.UART_CheckIdleState)
    UART_SetConfig                           0x08004e81   Thumb Code  1256  stm32l0xx_hal_uart.o(.text.UART_SetConfig)
    UART_WaitOnFlagUntilTimeout              0x08005389   Thumb Code   394  stm32l0xx_hal_uart.o(.text.UART_WaitOnFlagUntilTimeout)
    main                                     0x08005599   Thumb Code    84  main.o(.text.main)
    __ARM_common_ll_muluu                    0x080055f9   Thumb Code    48  btod.o(i.__ARM_common_ll_muluu)
    __ARM_fpclassify                         0x08005629   Thumb Code    40  fpclassify.o(i.__ARM_fpclassify)
    _is_digit                                0x08005655   Thumb Code    14  __printf_wp.o(i._is_digit)
    _get_lc_numeric                          0x08005665   Thumb Code    44  lc_numeric_c.o(locale$$code)
    _get_lc_ctype                            0x08005691   Thumb Code    44  lc_ctype_c.o(locale$$code)
    __aeabi_fadd                             0x080056bd   Thumb Code     0  faddsub.o(x$fpl$fadd)
    _fadd                                    0x080056bd   Thumb Code   134  faddsub.o(x$fpl$fadd)
    __aeabi_fsub                             0x08005749   Thumb Code     0  faddsub.o(x$fpl$fsub)
    _fsub                                    0x08005749   Thumb Code   204  faddsub.o(x$fpl$fsub)
    _printf_fp_dec                           0x08005819   Thumb Code    16  printf1.o(x$fpl$printf1)
    _printf_fp_hex                           0x08005829   Thumb Code    16  printf2.o(x$fpl$printf2)
    __I$use$fp                               0x08005838   Number         0  usenofp.o(x$fpl$usenofp)
    AHBPrescTable                            0x08005974   Data          16  system_stm32l0xx.o(.rodata.AHBPrescTable)
    APBPrescTable                            0x08005984   Data           8  system_stm32l0xx.o(.rodata.APBPrescTable)
    PLLMulTable                              0x0800598c   Data           9  system_stm32l0xx.o(.rodata.PLLMulTable)
    Region$$Table$$Base                      0x0800599c   Number         0  anon$$obj.o(Region$$Table)
    Region$$Table$$Limit                     0x080059bc   Number         0  anon$$obj.o(Region$$Table)
    __ctype                                  0x080059e5   Data           0  lc_ctype_c.o(locale$$data)
    SystemCoreClock                          0x20000000   Data           4  system_stm32l0xx.o(.data.SystemCoreClock)
    segmentNumber                            0x20000004   Data          10  4_digit_7_segment.o(.data.segmentNumber)
    uwTickFreq                               0x2000000e   Data           1  stm32l0xx_hal.o(.data.uwTickFreq)
    uwTickPrio                               0x20000010   Data           4  stm32l0xx_hal.o(.data.uwTickPrio)
    __libspace_start                         0x20000018   Data          96  libspace.o(.bss)
    TEMP_OUT_H                               0x20000078   Data           1  lps25hb.o(.bss.TEMP_OUT_H)
    __temporary_stack_top$libspace           0x20000078   Data           0  libspace.o(.bss)
    TEMP_OUT_L                               0x20000079   Data           1  lps25hb.o(.bss.TEMP_OUT_L)
    chipID                                   0x2000007a   Data           1  lps25hb.o(.bss.chipID)
    datatowrite                              0x2000007b   Data           1  lps25hb.o(.bss.datatowrite)
    hadc                                     0x2000007c   Data          92  main.o(.bss.hadc)
    hi2c2                                    0x200000d8   Data          76  main.o(.bss.hi2c2)
    hspi1                                    0x20000124   Data          88  main.o(.bss.hspi1)
    huart2                                   0x2000017c   Data         132  main.o(.bss.huart2)
    laikas                                   0x20000200   Data           4  main.o(.bss.laikas)
    mas                                      0x20000204   Data           4  4_digit_7_segment.o(.bss.mas)
    temp1                                    0x20000208   Data           1  4_digit_7_segment.o(.bss.temp1)
    temp2                                    0x20000209   Data           1  4_digit_7_segment.o(.bss.temp2)
    temp3                                    0x2000020a   Data           1  4_digit_7_segment.o(.bss.temp3)
    temp4                                    0x2000020b   Data           1  4_digit_7_segment.o(.bss.temp4)
    temperatura                              0x2000020c   Data           4  main.o(.bss.temperatura)
    uwTick                                   0x20000210   Data           4  stm32l0xx_hal.o(.bss.uwTick)
    val                                      0x20000214   Data           2  lps25hb.o(.bss.val)



==============================================================================

Memory Map of the image

  Image Entry point : 0x080000c1

  Load Region LR_IROM1 (Base: 0x08000000, Size: 0x00005b00, Max: 0x00030000, ABSOLUTE)

    Execution Region ER_IROM1 (Exec base: 0x08000000, Load base: 0x08000000, Size: 0x00005ae8, Max: 0x00030000, ABSOLUTE)

    Exec Addr    Load Addr    Size         Type   Attr      Idx    E Section Name        Object

    0x08000000   0x08000000   0x000000c0   Data   RO            3    RESET               startup_stm32l073xx.o
    0x080000c0   0x080000c0   0x00000008   Code   RO         1172  * !!!main             c_p.l(__main.o)
    0x080000c8   0x080000c8   0x0000003c   Code   RO         1522    !!!scatter          c_p.l(__scatter.o)
    0x08000104   0x08000104   0x0000001a   Code   RO         1524    !!handler_copy      c_p.l(__scatter_copy.o)
    0x0800011e   0x0800011e   0x00000002   PAD
    0x08000120   0x08000120   0x0000001c   Code   RO         1526    !!handler_zi        c_p.l(__scatter_zi.o)
    0x0800013c   0x0800013c   0x00000002   Code   RO         1277    .ARM.Collect$$_printf_percent$$00000000  c_p.l(_printf_percent.o)
    0x0800013e   0x0800013e   0x0000000a   Code   RO         1266    .ARM.Collect$$_printf_percent$$00000001  c_p.l(_printf_n.o)
    0x08000148   0x08000148   0x0000000a   Code   RO         1268    .ARM.Collect$$_printf_percent$$00000002  c_p.l(_printf_p.o)
    0x08000152   0x08000152   0x0000000a   Code   RO         1273    .ARM.Collect$$_printf_percent$$00000003  c_p.l(_printf_f.o)
    0x0800015c   0x0800015c   0x0000000a   Code   RO         1274    .ARM.Collect$$_printf_percent$$00000004  c_p.l(_printf_e.o)
    0x08000166   0x08000166   0x0000000a   Code   RO         1275    .ARM.Collect$$_printf_percent$$00000005  c_p.l(_printf_g.o)
    0x08000170   0x08000170   0x0000000a   Code   RO         1276    .ARM.Collect$$_printf_percent$$00000006  c_p.l(_printf_a.o)
    0x0800017a   0x0800017a   0x0000000a   Code   RO         1281    .ARM.Collect$$_printf_percent$$00000007  c_p.l(_printf_ll.o)
    0x08000184   0x08000184   0x0000000a   Code   RO         1270    .ARM.Collect$$_printf_percent$$00000008  c_p.l(_printf_i.o)
    0x0800018e   0x0800018e   0x0000000a   Code   RO         1271    .ARM.Collect$$_printf_percent$$00000009  c_p.l(_printf_d.o)
    0x08000198   0x08000198   0x0000000a   Code   RO         1272    .ARM.Collect$$_printf_percent$$0000000A  c_p.l(_printf_u.o)
    0x080001a2   0x080001a2   0x0000000a   Code   RO         1269    .ARM.Collect$$_printf_percent$$0000000B  c_p.l(_printf_o.o)
    0x080001ac   0x080001ac   0x0000000a   Code   RO         1267    .ARM.Collect$$_printf_percent$$0000000C  c_p.l(_printf_x.o)
    0x080001b6   0x080001b6   0x0000000a   Code   RO         1278    .ARM.Collect$$_printf_percent$$0000000D  c_p.l(_printf_lli.o)
    0x080001c0   0x080001c0   0x0000000a   Code   RO         1279    .ARM.Collect$$_printf_percent$$0000000E  c_p.l(_printf_lld.o)
    0x080001ca   0x080001ca   0x0000000a   Code   RO         1280    .ARM.Collect$$_printf_percent$$0000000F  c_p.l(_printf_llu.o)
    0x080001d4   0x080001d4   0x0000000a   Code   RO         1285    .ARM.Collect$$_printf_percent$$00000010  c_p.l(_printf_llo.o)
    0x080001de   0x080001de   0x0000000a   Code   RO         1286    .ARM.Collect$$_printf_percent$$00000011  c_p.l(_printf_llx.o)
    0x080001e8   0x080001e8   0x0000000a   Code   RO         1282    .ARM.Collect$$_printf_percent$$00000012  c_p.l(_printf_l.o)
    0x080001f2   0x080001f2   0x0000000a   Code   RO         1264    .ARM.Collect$$_printf_percent$$00000013  c_p.l(_printf_c.o)
    0x080001fc   0x080001fc   0x0000000a   Code   RO         1265    .ARM.Collect$$_printf_percent$$00000014  c_p.l(_printf_s.o)
    0x08000206   0x08000206   0x0000000a   Code   RO         1283    .ARM.Collect$$_printf_percent$$00000015  c_p.l(_printf_lc.o)
    0x08000210   0x08000210   0x0000000a   Code   RO         1284    .ARM.Collect$$_printf_percent$$00000016  c_p.l(_printf_ls.o)
    0x0800021a   0x0800021a   0x00000004   Code   RO         1330    .ARM.Collect$$_printf_percent$$00000017  c_p.l(_printf_percent_end.o)
    0x0800021e   0x0800021e   0x00000002   Code   RO         1370    .ARM.Collect$$libinit$$00000000  c_p.l(libinit.o)
    0x08000220   0x08000220   0x00000000   Code   RO         1395    .ARM.Collect$$libinit$$00000002  c_p.l(libinit2.o)
    0x08000220   0x08000220   0x00000000   Code   RO         1397    .ARM.Collect$$libinit$$00000004  c_p.l(libinit2.o)
    0x08000220   0x08000220   0x00000000   Code   RO         1399    .ARM.Collect$$libinit$$00000006  c_p.l(libinit2.o)
    0x08000220   0x08000220   0x00000000   Code   RO         1402    .ARM.Collect$$libinit$$0000000C  c_p.l(libinit2.o)
    0x08000220   0x08000220   0x00000000   Code   RO         1404    .ARM.Collect$$libinit$$0000000E  c_p.l(libinit2.o)
    0x08000220   0x08000220   0x00000000   Code   RO         1406    .ARM.Collect$$libinit$$00000010  c_p.l(libinit2.o)
    0x08000220   0x08000220   0x00000006   Code   RO         1407    .ARM.Collect$$libinit$$00000011  c_p.l(libinit2.o)
    0x08000226   0x08000226   0x00000000   Code   RO         1409    .ARM.Collect$$libinit$$00000013  c_p.l(libinit2.o)
    0x08000226   0x08000226   0x0000000c   Code   RO         1410    .ARM.Collect$$libinit$$00000014  c_p.l(libinit2.o)
    0x08000232   0x08000232   0x00000000   Code   RO         1411    .ARM.Collect$$libinit$$00000015  c_p.l(libinit2.o)
    0x08000232   0x08000232   0x00000000   Code   RO         1413    .ARM.Collect$$libinit$$00000017  c_p.l(libinit2.o)
    0x08000232   0x08000232   0x0000000a   Code   RO         1414    .ARM.Collect$$libinit$$00000018  c_p.l(libinit2.o)
    0x0800023c   0x0800023c   0x00000000   Code   RO         1415    .ARM.Collect$$libinit$$00000019  c_p.l(libinit2.o)
    0x0800023c   0x0800023c   0x00000000   Code   RO         1417    .ARM.Collect$$libinit$$0000001B  c_p.l(libinit2.o)
    0x0800023c   0x0800023c   0x00000000   Code   RO         1419    .ARM.Collect$$libinit$$0000001D  c_p.l(libinit2.o)
    0x0800023c   0x0800023c   0x00000000   Code   RO         1421    .ARM.Collect$$libinit$$0000001F  c_p.l(libinit2.o)
    0x0800023c   0x0800023c   0x00000000   Code   RO         1423    .ARM.Collect$$libinit$$00000021  c_p.l(libinit2.o)
    0x0800023c   0x0800023c   0x00000000   Code   RO         1425    .ARM.Collect$$libinit$$00000023  c_p.l(libinit2.o)
    0x0800023c   0x0800023c   0x00000000   Code   RO         1427    .ARM.Collect$$libinit$$00000025  c_p.l(libinit2.o)
    0x0800023c   0x0800023c   0x00000000   Code   RO         1429    .ARM.Collect$$libinit$$00000027  c_p.l(libinit2.o)
    0x0800023c   0x0800023c   0x00000000   Code   RO         1433    .ARM.Collect$$libinit$$0000002E  c_p.l(libinit2.o)
    0x0800023c   0x0800023c   0x00000000   Code   RO         1435    .ARM.Collect$$libinit$$00000030  c_p.l(libinit2.o)
    0x0800023c   0x0800023c   0x00000000   Code   RO         1437    .ARM.Collect$$libinit$$00000032  c_p.l(libinit2.o)
    0x0800023c   0x0800023c   0x00000000   Code   RO         1439    .ARM.Collect$$libinit$$00000034  c_p.l(libinit2.o)
    0x0800023c   0x0800023c   0x00000002   Code   RO         1440    .ARM.Collect$$libinit$$00000035  c_p.l(libinit2.o)
    0x0800023e   0x0800023e   0x00000002   Code   RO         1477    .ARM.Collect$$libshutdown$$00000000  c_p.l(libshutdown.o)
    0x08000240   0x08000240   0x00000000   Code   RO         1505    .ARM.Collect$$libshutdown$$00000002  c_p.l(libshutdown2.o)
    0x08000240   0x08000240   0x00000000   Code   RO         1507    .ARM.Collect$$libshutdown$$00000004  c_p.l(libshutdown2.o)
    0x08000240   0x08000240   0x00000000   Code   RO         1510    .ARM.Collect$$libshutdown$$00000007  c_p.l(libshutdown2.o)
    0x08000240   0x08000240   0x00000000   Code   RO         1513    .ARM.Collect$$libshutdown$$0000000A  c_p.l(libshutdown2.o)
    0x08000240   0x08000240   0x00000000   Code   RO         1515    .ARM.Collect$$libshutdown$$0000000C  c_p.l(libshutdown2.o)
    0x08000240   0x08000240   0x00000000   Code   RO         1518    .ARM.Collect$$libshutdown$$0000000F  c_p.l(libshutdown2.o)
    0x08000240   0x08000240   0x00000002   Code   RO         1519    .ARM.Collect$$libshutdown$$00000010  c_p.l(libshutdown2.o)
    0x08000242   0x08000242   0x00000000   Code   RO         1187    .ARM.Collect$$rtentry$$00000000  c_p.l(__rtentry.o)
    0x08000242   0x08000242   0x00000000   Code   RO         1297    .ARM.Collect$$rtentry$$00000002  c_p.l(__rtentry2.o)
    0x08000242   0x08000242   0x00000006   Code   RO         1309    .ARM.Collect$$rtentry$$00000004  c_p.l(__rtentry4.o)
    0x08000248   0x08000248   0x00000000   Code   RO         1299    .ARM.Collect$$rtentry$$00000009  c_p.l(__rtentry2.o)
    0x08000248   0x08000248   0x00000004   Code   RO         1300    .ARM.Collect$$rtentry$$0000000A  c_p.l(__rtentry2.o)
    0x0800024c   0x0800024c   0x00000000   Code   RO         1302    .ARM.Collect$$rtentry$$0000000C  c_p.l(__rtentry2.o)
    0x0800024c   0x0800024c   0x00000008   Code   RO         1303    .ARM.Collect$$rtentry$$0000000D  c_p.l(__rtentry2.o)
    0x08000254   0x08000254   0x00000002   Code   RO         1379    .ARM.Collect$$rtexit$$00000000  c_p.l(rtexit.o)
    0x08000256   0x08000256   0x00000000   Code   RO         1446    .ARM.Collect$$rtexit$$00000002  c_p.l(rtexit2.o)
    0x08000256   0x08000256   0x00000004   Code   RO         1447    .ARM.Collect$$rtexit$$00000003  c_p.l(rtexit2.o)
    0x0800025a   0x0800025a   0x00000006   Code   RO         1448    .ARM.Collect$$rtexit$$00000004  c_p.l(rtexit2.o)
    0x08000260   0x08000260   0x00000038   Code   RO            4    .text               startup_stm32l073xx.o
    0x08000298   0x08000298   0x00000030   Code   RO         1158    .text               c_p.l(llmul.o)
    0x080002c8   0x080002c8   0x00000110   Code   RO         1160    .text               c_p.l(lludiv.o)
    0x080003d8   0x080003d8   0x0000002c   Code   RO         1162    .text               c_p.l(sprintf.o)
    0x08000404   0x08000404   0x00000040   Code   RO         1164    .text               c_p.l(rt_memclr.o)
    0x08000444   0x08000444   0x0000016c   Code   RO         1166    .text               c_p.l(aeabi_sdiv.o)
    0x080005b0   0x080005b0   0x00000006   Code   RO         1170    .text               c_p.l(heapauxi.o)
    0x080005b6   0x080005b6   0x00000002   PAD
    0x080005b8   0x080005b8   0x00000054   Code   RO         1174    .text               fz_ps.l(f2d.o)
    0x0800060c   0x0800060c   0x00000160   Code   RO         1182    .text               fz_ps.l(fdiv.o)
    0x0800076c   0x0800076c   0x0000005e   Code   RO         1185    .text               fz_ps.l(fflti.o)
    0x080007ca   0x080007ca   0x0000004e   Code   RO         1198    .text               c_p.l(_printf_pad.o)
    0x08000818   0x08000818   0x00000024   Code   RO         1200    .text               c_p.l(_printf_truncate.o)
    0x0800083c   0x0800083c   0x00000052   Code   RO         1202    .text               c_p.l(_printf_str.o)
    0x0800088e   0x0800088e   0x00000002   PAD
    0x08000890   0x08000890   0x0000006c   Code   RO         1204    .text               c_p.l(_printf_dec.o)
    0x080008fc   0x080008fc   0x00000026   Code   RO         1206    .text               c_p.l(_printf_charcount.o)
    0x08000922   0x08000922   0x00000002   PAD
    0x08000924   0x08000924   0x00000030   Code   RO         1208    .text               c_p.l(_printf_char_common.o)
    0x08000954   0x08000954   0x0000000a   Code   RO         1210    .text               c_p.l(_sputc.o)
    0x0800095e   0x0800095e   0x00000002   PAD
    0x08000960   0x08000960   0x000000bc   Code   RO         1212    .text               c_p.l(_printf_wctomb.o)
    0x08000a1c   0x08000a1c   0x00000070   Code   RO         1215    .text               c_p.l(_printf_longlong_dec.o)
    0x08000a8c   0x08000a8c   0x00000070   Code   RO         1221    .text               c_p.l(_printf_oct_int_ll.o)
    0x08000afc   0x08000afc   0x00000098   Code   RO         1241    .text               c_p.l(_printf_hex_int_ll_ptr.o)
    0x08000b94   0x08000b94   0x00000188   Code   RO         1261    .text               c_p.l(__printf_flags_ss_wp.o)
    0x08000d1c   0x08000d1c   0x0000007a   Code   RO         1313    .text               c_p.l(lludiv10.o)
    0x08000d96   0x08000d96   0x000000b0   Code   RO         1315    .text               c_p.l(_printf_intcommon.o)
    0x08000e46   0x08000e46   0x00000002   PAD
    0x08000e48   0x08000e48   0x00000414   Code   RO         1317    .text               c_p.l(_printf_fp_dec.o)
    0x0800125c   0x0800125c   0x000002d8   Code   RO         1321    .text               c_p.l(_printf_fp_hex.o)
    0x08001534   0x08001534   0x0000002e   Code   RO         1326    .text               c_p.l(_printf_char.o)
    0x08001562   0x08001562   0x0000002e   Code   RO         1328    .text               c_p.l(_printf_wchar.o)
    0x08001590   0x08001590   0x00000042   Code   RO         1331    .text               c_p.l(_c16rtomb.o)
    0x080015d2   0x080015d2   0x00000028   Code   RO         1333    .text               c_p.l(rtudiv10.o)
    0x080015fa   0x080015fa   0x0000003e   Code   RO         1335    .text               c_p.l(sys_stackheap_outer.o)
    0x08001638   0x08001638   0x00000010   Code   RO         1338    .text               c_p.l(rt_ctype_table.o)
    0x08001648   0x08001648   0x00000008   Code   RO         1343    .text               c_p.l(rt_locale_intlibspace.o)
    0x08001650   0x08001650   0x00000088   Code   RO         1345    .text               c_p.l(_printf_fp_infnan.o)
    0x080016d8   0x080016d8   0x000000d8   Code   RO         1347    .text               c_p.l(bigflt0.o)
    0x080017b0   0x080017b0   0x00000580   Code   RO         1350    .text               c_p.l(btod.o)
    0x08001d30   0x08001d30   0x00000010   Code   RO         1359    .text               c_p.l(exit.o)
    0x08001d40   0x08001d40   0x00000008   Code   RO         1375    .text               c_p.l(libspace.o)
    0x08001d48   0x08001d48   0x00000088   Code   RO         1392    .text               c_p.l(strcmp.o)
    0x08001dd0   0x08001dd0   0x0000000c   Code   RO         1441    .text               c_p.l(sys_exit.o)
    0x08001ddc   0x08001ddc   0x00000002   Code   RO         1466    .text               c_p.l(use_no_semi.o)
    0x08001dde   0x08001dde   0x00000000   Code   RO         1468    .text               c_p.l(indicate_semi.o)
    0x08001dde   0x08001dde   0x00000002   PAD
    0x08001de0   0x08001de0   0x00000038   Code   RO          167    .text.ADC_DelayMicroSecond  stm32l0xx_hal_adc.o
    0x08001e18   0x08001e18   0x0000000e   Code   RO           25    .text.Error_Handler  main.o
    0x08001e26   0x08001e26   0x00000002   PAD
    0x08001e28   0x08001e28   0x0000015c   Code   RO          165    .text.HAL_ADC_ConfigChannel  stm32l0xx_hal_adc.o
    0x08001f84   0x08001f84   0x000002b0   Code   RO          117    .text.HAL_ADC_Init  stm32l0xx_hal_adc.o
    0x08002234   0x08002234   0x00000064   Code   RO           60    .text.HAL_ADC_MspInit  stm32l0xx_hal_msp.o
    0x08002298   0x08002298   0x00000044   Code   RO          223    .text.HAL_Delay     stm32l0xx_hal.o
    0x080022dc   0x080022dc   0x00000314   Code   RO          655    .text.HAL_GPIO_Init  stm32l0xx_hal_gpio.o
    0x080025f0   0x080025f0   0x0000002c   Code   RO          661    .text.HAL_GPIO_WritePin  stm32l0xx_hal_gpio.o
    0x0800261c   0x0800261c   0x0000000c   Code   RO          215    .text.HAL_GetTick   stm32l0xx_hal.o
    0x08002628   0x08002628   0x00000096   Code   RO          440    .text.HAL_I2CEx_ConfigAnalogFilter  stm32l0xx_hal_i2c_ex.o
    0x080026be   0x080026be   0x000000a0   Code   RO          442    .text.HAL_I2CEx_ConfigDigitalFilter  stm32l0xx_hal_i2c_ex.o
    0x0800275e   0x0800275e   0x00000002   PAD
    0x08002760   0x08002760   0x0000010c   Code   RO          275    .text.HAL_I2C_Init  stm32l0xx_hal_i2c.o
    0x0800286c   0x0800286c   0x00000264   Code   RO          341    .text.HAL_I2C_Mem_Read  stm32l0xx_hal_i2c.o
    0x08002ad0   0x08002ad0   0x0000025c   Code   RO          337    .text.HAL_I2C_Mem_Write  stm32l0xx_hal_i2c.o
    0x08002d2c   0x08002d2c   0x00000070   Code   RO           64    .text.HAL_I2C_MspInit  stm32l0xx_hal_msp.o
    0x08002d9c   0x08002d9c   0x00000014   Code   RO          213    .text.HAL_IncTick   stm32l0xx_hal.o
    0x08002db0   0x08002db0   0x00000038   Code   RO          203    .text.HAL_Init      stm32l0xx_hal.o
    0x08002de8   0x08002de8   0x00000070   Code   RO          205    .text.HAL_InitTick  stm32l0xx_hal.o
    0x08002e58   0x08002e58   0x00000020   Code   RO           58    .text.HAL_MspInit   stm32l0xx_hal_msp.o
    0x08002e78   0x08002e78   0x0000001c   Code   RO          773    .text.HAL_NVIC_SetPriority  stm32l0xx_hal_cortex.o
    0x08002e94   0x08002e94   0x00000310   Code   RO          492    .text.HAL_RCCEx_PeriphCLKConfig  stm32l0xx_hal_rcc_ex.o
    0x080031a4   0x080031a4   0x000002f8   Code   RO          465    .text.HAL_RCC_ClockConfig  stm32l0xx_hal_rcc.o
    0x0800349c   0x0800349c   0x0000000c   Code   RO          471    .text.HAL_RCC_GetHCLKFreq  stm32l0xx_hal_rcc.o
    0x080034a8   0x080034a8   0x0000001c   Code   RO          473    .text.HAL_RCC_GetPCLK1Freq  stm32l0xx_hal_rcc.o
    0x080034c4   0x080034c4   0x00000024   Code   RO          475    .text.HAL_RCC_GetPCLK2Freq  stm32l0xx_hal_rcc.o
    0x080034e8   0x080034e8   0x0000013c   Code   RO          463    .text.HAL_RCC_GetSysClockFreq  stm32l0xx_hal_rcc.o
    0x08003624   0x08003624   0x0000086c   Code   RO          461    .text.HAL_RCC_OscConfig  stm32l0xx_hal_rcc.o
    0x08003e90   0x08003e90   0x00000102   Code   RO          853    .text.HAL_SPI_Init  stm32l0xx_hal_spi.o
    0x08003f92   0x08003f92   0x00000002   PAD
    0x08003f94   0x08003f94   0x000000a8   Code   RO           68    .text.HAL_SPI_MspInit  stm32l0xx_hal_msp.o
    0x0800403c   0x0800403c   0x00000010   Code   RO          789    .text.HAL_SYSTICK_Config  stm32l0xx_hal_cortex.o
    0x0800404c   0x0800404c   0x000000b0   Code   RO          972    .text.HAL_UART_Init  stm32l0xx_hal_uart.o
    0x080040fc   0x080040fc   0x00000070   Code   RO           72    .text.HAL_UART_MspInit  stm32l0xx_hal_msp.o
    0x0800416c   0x0800416c   0x00000004   Code   RO           43    .text.HardFault_Handler  stm32l0xx_it.o
    0x08004170   0x08004170   0x00000040   Code   RO          415    .text.I2C_Flush_TXDR  stm32l0xx_hal_i2c.o
    0x080041b0   0x080041b0   0x0000010c   Code   RO          431    .text.I2C_IsAcknowledgeFailed  stm32l0xx_hal_i2c.o
    0x080042bc   0x080042bc   0x000000b8   Code   RO          343    .text.I2C_RequestMemoryRead  stm32l0xx_hal_i2c.o
    0x08004374   0x08004374   0x000000bc   Code   RO          339    .text.I2C_RequestMemoryWrite  stm32l0xx_hal_i2c.o
    0x08004430   0x08004430   0x00000050   Code   RO          287    .text.I2C_TransferConfig  stm32l0xx_hal_i2c.o
    0x08004480   0x08004480   0x0000008e   Code   RO          285    .text.I2C_WaitOnFlagUntilTimeout  stm32l0xx_hal_i2c.o
    0x0800450e   0x0800450e   0x0000008c   Code   RO          291    .text.I2C_WaitOnSTOPFlagUntilTimeout  stm32l0xx_hal_i2c.o
    0x0800459a   0x0800459a   0x00000098   Code   RO          289    .text.I2C_WaitOnTXISFlagUntilTimeout  stm32l0xx_hal_i2c.o
    0x08004632   0x08004632   0x00000002   PAD
    0x08004634   0x08004634   0x00000070   Code   RO           83    .text.LPS25HB_Initialise  lps25hb.o
    0x080046a4   0x080046a4   0x000000a8   Code   RO           85    .text.LPS25HB_Measure_Temperature  lps25hb.o
    0x0800474c   0x0800474c   0x00000084   Code   RO           17    .text.MX_ADC_Init   main.o
    0x080047d0   0x080047d0   0x00000128   Code   RO           15    .text.MX_GPIO_Init  main.o
    0x080048f8   0x080048f8   0x00000068   Code   RO           19    .text.MX_I2C2_Init  main.o
    0x08004960   0x08004960   0x0000004c   Code   RO           21    .text.MX_SPI1_Init  main.o
    0x080049ac   0x080049ac   0x00000044   Code   RO           23    .text.MX_USART2_UART_Init  main.o
    0x080049f0   0x080049f0   0x00000004   Code   RO           41    .text.NMI_Handler   stm32l0xx_it.o
    0x080049f4   0x080049f4   0x00000002   Code   RO           47    .text.PendSV_Handler  stm32l0xx_it.o
    0x080049f6   0x080049f6   0x00000002   Code   RO           45    .text.SVC_Handler   stm32l0xx_it.o
    0x080049f8   0x080049f8   0x00000114   Code   RO          101    .text.SevenSegment_Display  4_digit_7_segment.o
    0x08004b0c   0x08004b0c   0x00000074   Code   RO           99    .text.SevenSegment_Update  4_digit_7_segment.o
    0x08004b80   0x08004b80   0x00000050   Code   RO          791    .text.SysTick_Config  stm32l0xx_hal_cortex.o
    0x08004bd0   0x08004bd0   0x00000014   Code   RO           49    .text.SysTick_Handler  stm32l0xx_it.o
    0x08004be4   0x08004be4   0x0000009c   Code   RO           13    .text.SystemClock_Config  main.o
    0x08004c80   0x08004c80   0x00000002   Code   RO         1142    .text.SystemInit    system_stm32l0xx.o
    0x08004c82   0x08004c82   0x0000015a   Code   RO          978    .text.UART_AdvFeatureConfig  stm32l0xx_hal_uart.o
    0x08004ddc   0x08004ddc   0x000000a4   Code   RO          980    .text.UART_CheckIdleState  stm32l0xx_hal_uart.o
    0x08004e80   0x08004e80   0x00000508   Code   RO          976    .text.UART_SetConfig  stm32l0xx_hal_uart.o
    0x08005388   0x08005388   0x0000018a   Code   RO          994    .text.UART_WaitOnFlagUntilTimeout  stm32l0xx_hal_uart.o
    0x08005512   0x08005512   0x00000002   PAD
    0x08005514   0x08005514   0x00000084   Code   RO          775    .text.__NVIC_SetPriority  stm32l0xx_hal_cortex.o
    0x08005598   0x08005598   0x00000060   Code   RO           11    .text.main          main.o
    0x080055f8   0x080055f8   0x00000030   Code   RO         1352    i.__ARM_common_ll_muluu  c_p.l(btod.o)
    0x08005628   0x08005628   0x0000002c   Code   RO         1373    i.__ARM_fpclassify  m_ps.l(fpclassify.o)
    0x08005654   0x08005654   0x0000000e   Code   RO         1254    i._is_digit         c_p.l(__printf_wp.o)
    0x08005662   0x08005662   0x00000002   PAD
    0x08005664   0x08005664   0x0000002c   Code   RO         1357    locale$$code        c_p.l(lc_numeric_c.o)
    0x08005690   0x08005690   0x0000002c   Code   RO         1386    locale$$code        c_p.l(lc_ctype_c.o)
    0x080056bc   0x080056bc   0x0000008c   Code   RO         1176    x$fpl$fadd          fz_ps.l(faddsub.o)
    0x08005748   0x08005748   0x000000d0   Code   RO         1178    x$fpl$fsub          fz_ps.l(faddsub.o)
    0x08005818   0x08005818   0x00000010   Code   RO         1287    x$fpl$printf1       fz_ps.l(printf1.o)
    0x08005828   0x08005828   0x00000010   Code   RO         1289    x$fpl$printf2       fz_ps.l(printf2.o)
    0x08005838   0x08005838   0x00000000   Code   RO         1295    x$fpl$usenofp       fz_ps.l(usenofp.o)
    0x08005838   0x08005838   0x00000040   Data   RO         1183    .constdata          fz_ps.l(fdiv.o)
    0x08005878   0x08005878   0x00000008   Data   RO         1213    .constdata          c_p.l(_printf_wctomb.o)
    0x08005880   0x08005880   0x00000028   Data   RO         1242    .constdata          c_p.l(_printf_hex_int_ll_ptr.o)
    0x080058a8   0x080058a8   0x00000011   Data   RO         1262    .constdata          c_p.l(__printf_flags_ss_wp.o)
    0x080058b9   0x080058b9   0x00000026   Data   RO         1322    .constdata          c_p.l(_printf_fp_hex.o)
    0x080058df   0x080058df   0x00000001   PAD
    0x080058e0   0x080058e0   0x00000094   Data   RO         1348    .constdata          c_p.l(bigflt0.o)
    0x08005974   0x08005974   0x00000010   Data   RO         1147    .rodata.AHBPrescTable  system_stm32l0xx.o
    0x08005984   0x08005984   0x00000008   Data   RO         1148    .rodata.APBPrescTable  system_stm32l0xx.o
    0x0800598c   0x0800598c   0x00000009   Data   RO         1149    .rodata.PLLMulTable  system_stm32l0xx.o
    0x08005995   0x08005995   0x00000006   Data   RO          105    .rodata.str1.1      4_digit_7_segment.o
    0x0800599b   0x0800599b   0x00000001   PAD
    0x0800599c   0x0800599c   0x00000020   Data   RO         1521    Region$$Table       anon$$obj.o
    0x080059bc   0x080059bc   0x0000001c   Data   RO         1356    locale$$data        c_p.l(lc_numeric_c.o)
    0x080059d8   0x080059d8   0x00000110   Data   RO         1385    locale$$data        c_p.l(lc_ctype_c.o)


    Execution Region RW_IRAM1 (Exec base: 0x20000000, Load base: 0x08005ae8, Size: 0x00000818, Max: 0x00005000, ABSOLUTE)

    Exec Addr    Load Addr    Size         Type   Attr      Idx    E Section Name        Object

    0x20000000   0x08005ae8   0x00000004   Data   RW         1146    .data.SystemCoreClock  system_stm32l0xx.o
    0x20000004   0x08005aec   0x0000000a   Data   RW          104    .data.segmentNumber  4_digit_7_segment.o
    0x2000000e   0x08005af6   0x00000001   Data   RW          266    .data.uwTickFreq    stm32l0xx_hal.o
    0x2000000f   0x08005af7   0x00000001   PAD
    0x20000010   0x08005af8   0x00000004   Data   RW          265    .data.uwTickPrio    stm32l0xx_hal.o
    0x20000014   0x08005afc   0x00000004   PAD
    0x20000018        -       0x00000060   Zero   RW         1376    .bss                c_p.l(libspace.o)
    0x20000078        -       0x00000001   Zero   RW           90    .bss.TEMP_OUT_H     lps25hb.o
    0x20000079        -       0x00000001   Zero   RW           89    .bss.TEMP_OUT_L     lps25hb.o
    0x2000007a        -       0x00000001   Zero   RW           88    .bss.chipID         lps25hb.o
    0x2000007b        -       0x00000001   Zero   RW           87    .bss.datatowrite    lps25hb.o
    0x2000007c        -       0x0000005c   Zero   RW           30    .bss.hadc           main.o
    0x200000d8        -       0x0000004c   Zero   RW           28    .bss.hi2c2          main.o
    0x20000124        -       0x00000058   Zero   RW           31    .bss.hspi1          main.o
    0x2000017c        -       0x00000084   Zero   RW           32    .bss.huart2         main.o
    0x20000200        -       0x00000004   Zero   RW           27    .bss.laikas         main.o
    0x20000204        -       0x00000004   Zero   RW          103    .bss.mas            4_digit_7_segment.o
    0x20000208        -       0x00000001   Zero   RW          106    .bss.temp1          4_digit_7_segment.o
    0x20000209        -       0x00000001   Zero   RW          107    .bss.temp2          4_digit_7_segment.o
    0x2000020a        -       0x00000001   Zero   RW          108    .bss.temp3          4_digit_7_segment.o
    0x2000020b        -       0x00000001   Zero   RW          109    .bss.temp4          4_digit_7_segment.o
    0x2000020c        -       0x00000004   Zero   RW           29    .bss.temperatura    main.o
    0x20000210        -       0x00000004   Zero   RW          267    .bss.uwTick         stm32l0xx_hal.o
    0x20000214        -       0x00000002   Zero   RW           91    .bss.val            lps25hb.o
    0x20000216   0x08005afc   0x00000002   PAD
    0x20000218        -       0x00000200   Zero   RW            2    HEAP                startup_stm32l073xx.o
    0x20000418        -       0x00000400   Zero   RW            1    STACK               startup_stm32l073xx.o


==============================================================================

Image component sizes


      Code (inc. data)   RO Data    RW Data    ZI Data      Debug   Object Name

       392         32          6         10          8       1644   4_digit_7_segment.o
       280         28          0          0          6       3800   lps25hb.o
       942         64          0          0        396      10583   main.o
        56         26        192          0       1536        592   startup_stm32l073xx.o
       268         28          0          5          4       6605   stm32l0xx_hal.o
      1092         28          0          0          0      10347   stm32l0xx_hal_adc.o
       256         20          0          0          0       6155   stm32l0xx_hal_cortex.o
       832         44          0          0          0       4695   stm32l0xx_hal_gpio.o
      2702         28          0          0          0      34361   stm32l0xx_hal_i2c.o
       310          0          0          0          0       5241   stm32l0xx_hal_i2c_ex.o
       524         52          0          0          0       9252   stm32l0xx_hal_msp.o
      3308        168          0          0          0       8863   stm32l0xx_hal_rcc.o
       784         24          0          0          0       7991   stm32l0xx_hal_rcc_ex.o
       258          0          0          0          0      19921   stm32l0xx_hal_spi.o
      2368        228          0          0          0      34444   stm32l0xx_hal_uart.o
        32          4          0          0          0        681   stm32l0xx_it.o
         2          0         33          4          0       1887   system_stm32l0xx.o

    ----------------------------------------------------------------------
     14416        774        264         20       1956     167062   Object Totals
         0          0         32          0          0          0   (incl. Generated)
        10          0          1          1          6          0   (incl. Padding)

    ----------------------------------------------------------------------

      Code (inc. data)   RO Data    RW Data    ZI Data      Debug   Library Member Name

         8          0          0          0          0         68   __main.o
       392          6         17          0          0         76   __printf_flags_ss_wp.o
        14          0          0          0          0         60   __printf_wp.o
         0          0          0          0          0          0   __rtentry.o
        12          0          0          0          0          0   __rtentry2.o
         6          0          0          0          0          0   __rtentry4.o
        60          8          0          0          0          0   __scatter.o
        26          0          0          0          0          0   __scatter_copy.o
        28          0          0          0          0          0   __scatter_zi.o
        66          0          0          0          0         76   _c16rtomb.o
        10          0          0          0          0          0   _printf_a.o
        10          0          0          0          0          0   _printf_c.o
        46          0          0          0          0        100   _printf_char.o
        48          6          0          0          0         88   _printf_char_common.o
        38          0          0          0          0         60   _printf_charcount.o
        10          0          0          0          0          0   _printf_d.o
       108         18          0          0          0         76   _printf_dec.o
        10          0          0          0          0          0   _printf_e.o
        10          0          0          0          0          0   _printf_f.o
      1044         12          0          0          0        116   _printf_fp_dec.o
       728         10         38          0          0         84   _printf_fp_hex.o
       136         16          0          0          0         76   _printf_fp_infnan.o
        10          0          0          0          0          0   _printf_g.o
       152          4         40          0          0        148   _printf_hex_int_ll_ptr.o
        10          0          0          0          0          0   _printf_i.o
       176          0          0          0          0         84   _printf_intcommon.o
        10          0          0          0          0          0   _printf_l.o
        10          0          0          0          0          0   _printf_lc.o
        10          0          0          0          0          0   _printf_ll.o
        10          0          0          0          0          0   _printf_lld.o
        10          0          0          0          0          0   _printf_lli.o
        10          0          0          0          0          0   _printf_llo.o
        10          0          0          0          0          0   _printf_llu.o
        10          0          0          0          0          0   _printf_llx.o
       112         18          0          0          0         76   _printf_longlong_dec.o
        10          0          0          0          0          0   _printf_ls.o
        10          0          0          0          0          0   _printf_n.o
        10          0          0          0          0          0   _printf_o.o
       112         10          0          0          0        112   _printf_oct_int_ll.o
        10          0          0          0          0          0   _printf_p.o
        78          0          0          0          0        100   _printf_pad.o
         2          0          0          0          0          0   _printf_percent.o
         4          0          0          0          0          0   _printf_percent_end.o
        10          0          0          0          0          0   _printf_s.o
        82          0          0          0          0         72   _printf_str.o
        36          0          0          0          0         76   _printf_truncate.o
        10          0          0          0          0          0   _printf_u.o
        46          0          0          0          0        100   _printf_wchar.o
       188          6          8          0          0         80   _printf_wctomb.o
        10          0          0          0          0          0   _printf_x.o
        10          0          0          0          0         60   _sputc.o
       364          4          0          0          0         92   aeabi_sdiv.o
       216          6        148          0          0         80   bigflt0.o
      1456         30          0          0          0        336   btod.o
        16          0          0          0          0         68   exit.o
         6          0          0          0          0        136   heapauxi.o
         0          0          0          0          0          0   indicate_semi.o
        44         10        272          0          0         76   lc_ctype_c.o
        44         10         28          0          0         76   lc_numeric_c.o
         2          0          0          0          0          0   libinit.o
        30          0          0          0          0          0   libinit2.o
         2          0          0          0          0          0   libshutdown.o
         2          0          0          0          0          0   libshutdown2.o
         8          4          0          0         96         68   libspace.o
        48          0          0          0          0         72   llmul.o
       272          0          0          0          0         88   lludiv.o
       122          0          0          0          0         72   lludiv10.o
        16          4          0          0          0         76   rt_ctype_table.o
         8          4          0          0          0         68   rt_locale_intlibspace.o
        64          0          0          0          0        108   rt_memclr.o
         2          0          0          0          0          0   rtexit.o
        10          0          0          0          0          0   rtexit2.o
        40          0          0          0          0         60   rtudiv10.o
        44          4          0          0          0         84   sprintf.o
       136          4          0          0          0         72   strcmp.o
        12          4          0          0          0         60   sys_exit.o
        62          0          0          0          0         80   sys_stackheap_outer.o
         2          0          0          0          0         68   use_no_semi.o
        84          4          0          0          0         60   f2d.o
       348          8          0          0          0        160   faddsub.o
       352         10         64          0          0         92   fdiv.o
        94          0          0          0          0         92   fflti.o
        16          4          0          0          0         76   printf1.o
        16          4          0          0          0         76   printf2.o
         0          0          0          0          0          0   usenofp.o
        44          4          0          0          0         60   fpclassify.o

    ----------------------------------------------------------------------
      7976        232        616          0         96       4244   Library Totals
        16          0          1          0          0          0   (incl. Padding)

    ----------------------------------------------------------------------

      Code (inc. data)   RO Data    RW Data    ZI Data      Debug   Library Name

      7006        198        551          0         96       3628   c_p.l
       910         30         64          0          0        556   fz_ps.l
        44          4          0          0          0         60   m_ps.l

    ----------------------------------------------------------------------
      7976        232        616          0         96       4244   Library Totals

    ----------------------------------------------------------------------

==============================================================================


      Code (inc. data)   RO Data    RW Data    ZI Data      Debug   

     22392       1006        880         20       2052     168950   Grand Totals
     22392       1006        880         20       2052     168950   ELF Image Totals
     22392       1006        880         20          0          0   ROM Totals

==============================================================================

    Total RO  Size (Code + RO Data)                23272 (  22.73kB)
    Total RW  Size (RW Data + ZI Data)              2072 (   2.02kB)
    Total ROM Size (Code + RO Data + RW Data)      23292 (  22.75kB)

==============================================================================

